Microchip MPLAB XC8 Compiler V1.45 ()

Linker command line:

-W-3 --edf=C:\Program Files (x86)\Microchip\xc8\v1.45\dat\en_msgs.txt \
  -pivt0x8=08h -cs -h+dist/default/debug\MIB_IOT.X.debug.sym \
  --cmf=dist/default/debug\MIB_IOT.X.debug.cmf -z -Q18F56K42 \
  -oC:\Users\BERNAR~2\AppData\Local\Temp\sg8c.2 \
  -Mdist/default/debug/MIB_IOT.X.debug.map -E1 -ver=XC8 -ASTACK=0EECh-0fffh \
  -pstack=STACK -ACODE=00h-0FFFFh -ACONST=00h-0FFFFh \
  -ASMALLCONST=01000h-010FFhx240 -AMEDIUMCONST=01000h-0FFFFh \
  -ACOMRAM=01h-05Fh -AABS1=00h-0FFFh -ABIGRAM=01h-0FFFh \
  -ARAM=060h-0FFh,0100h-01FFhx15 -ABANK0=060h-0FFh -ABANK1=0100h-01FFh \
  -ABANK2=0200h-02FFh -ABANK3=0300h-03FFh -ABANK4=0400h-04FFh \
  -ABANK5=0500h-05FFh -ABANK6=0600h-06FFh -ABANK7=0700h-07FFh \
  -ABANK8=0800h-08FFh -ABANK9=0900h-09FFh -ABANK10=0A00h-0AFFh \
  -ABANK11=0B00h-0BFFh -ABANK12=0C00h-0CFFh -ABANK13=0D00h-0DFFh \
  -ABANK14=0E00h-0EFFh -ABANK15=0F00h-0FFFh \
  -ASFR=03800h-038FFhx7,03F00h-03F5Fh,03F60h-03FFFh -preset_vec=00h \
  -ppowerup=CODE,init -pramtop=01000h -psmallconst=SMALLCONST \
  -pmediumconst=MEDIUMCONST -pconst=CONST -AFARRAM=00h-00h \
  -ACONFIG=0300000h-0300009h -pconfig=CONFIG -AIDLOC=0200000h-020000Fh \
  -pidloc=IDLOC -AEEDATA=0310000h-03103FFh -peeprom_data=EEDATA \
  -prdata=COMRAM,nvrram=COMRAM,nvbit=COMRAM,rbss=COMRAM,rbit=COMRAM \
  -pfarbss=FARRAM,fardata=FARRAM,nvFARRAM=FARRAM \
  -pintsave_regs=BIGRAM,bigbss=BIGRAM,bigdata=BIGRAM -pbss=RAM \
  -pidata=CODE,irdata=CODE,ibigdata=CODE,ifardata=CODE -prparam=COMRAM \
  C:\Users\BERNAR~2\AppData\Local\Temp\sg8c.obj \
  dist/default/debug\MIB_IOT.X.debug.obj \
  C:\Program Files (x86)\Microchip\xc8\v1.45\lib\pic18-trace-obj.lib 

Object code version is 3.11

Machine type is 18F56K42

Call graph: (short form)




                Name                               Link     Load   Length Selector   Space Scale
C:\Users\BERNAR~2\AppData\Local\Temp\sg8c.obj
                init                                 AE       AE        4        4       0
                reset_vec                             0        0        6        0       0
                idloc                            200000   200000       10   200000       0
                config                           300000   300000        A   300000       0
dist/default/debug\MIB_IOT.X.debug.obj
                mediumconst                        FABE     FABE      542     7D5F       0
                ivt0x8                                8        8       A6        4       0
                text96                             7D78     7D78       5A     1F02       0
                text95                             6CDC     6CDC       C4        4       0
                text94                             6F0E     6F0E       B4        4       0
                text93                             66C2     66C2       FC        4       0
                text92                             7310     7310       9E        4       0
                text91                             8416     8416       2A     1F02       0
                text90                             5446     5446      1D0        4       0
                text89                             7ED2     7ED2       54     1F02       0
                text88                             63BE     63BE      104        4       0
                text87                             754E     754E       8A        4       0
                text86                             799C     799C       6E        4       0
                text85                             7A76     7A76       6A        4       0
                text84                             5E5C     5E5C      130        4       0
                text83                             5BEC     5BEC      13E        4       0
                text82                             75D8     75D8       88        4       0
                text81                             7846     7846       74        4       0
                text80                             61AC     61AC      10A        4       0
                text79                             8392     8392       2E     1F02       0
                text78                             4A8C     4A8C      2E6        4       0
                text77                             848C     848C       20     1F02       0
                text76                             3F26     3F26      4E0        4       0
                text75                             1D6A     1D6A     1CAC        4       0
                text74                             7B44     7B44       62        4       0
                text73                             8330     8330       32     1F02       0
                text72                             7D1E     7D1E       5A     1F02       0
                text71                             6C18     6C18       C4        4       0
                text70                             7DD2     7DD2       58     1F02       0
                text69                             6FC2     6FC2       B0        4       0
                text68                             504A     504A      22A        4       0
                text67                             81DC     81DC       44     1F02       0
                text66                             8198     8198       44     1F02       0
                text65                             7F78     7F78       52     1F02       0
                text64                             8104     8104       4E     1F02       0
                text63                             5F8C     5F8C      114        4       0
                text62                             5616     5616      1C8        4       0
                text61                             7F26     7F26       52     1F02       0
                text60                             77D0     77D0       76        4       0
                text59                             8502     8502        2     427A       0
                text58                             825C     825C       3C     1F02       0
                text57                             7FCA     7FCA       50     1F02       0
                text56                             78BA     78BA       72        4       0
                text55                             76E0     76E0       7A        4       0
                text54                             68B2     68B2       E8        4       0
                text53                             80B6     80B6       4E     1F02       0
                text52                             8068     8068       4E     1F02       0
                text51                             801A     801A       4E     1F02       0
                text50                             7E7E     7E7E       54     1F02       0
                text49                             7BA6     7BA6       60        4       0
                text48                             7660     7660       80        4       0
                text47                             71CC     71CC       A6        4       0
                text46                             8220     8220       3C     1F02       0
                text45                             64C2     64C2      102        4       0
                text44                             84FA     84FA        6     427A       0
                text43                             7C08     7C08       5E     1F02       0
                text42                             82FE     82FE       32     1F02       0
                text41                             8500     8500        2     427A       0
                text40                             84F4     84F4        6     427A       0
                text39                             83EC     83EC       2A     1F02       0
                text38                             6A74     6A74       D6        4       0
                text37                             6DA0     6DA0       B8        4       0
                text36                             84C4     84C4       18     1F02       0
                text35                             84AC     84AC       18     1F02       0
                text34                             699A     699A       DA        4       0
                text33                             7072     7072       AE        4       0
                text32                             6E58     6E58       B6        4       0
                text31                             65C4     65C4       FE        4       0
                text30                             7272     7272       9E        4       0
                text29                             83C0     83C0       2C     1F02       0
                text28                             5274     5274      1D2        4       0
                text27                             7E2A     7E2A       54     1F02       0
                text26                             62B6     62B6      108        4       0
                text25                             73AE     73AE       8C        4       0
                text24                             792C     792C       70        4       0
                text23                             7A0A     7A0A       6C        4       0
                text22                             5D2A     5D2A      132        4       0
                text21                             5AAC     5AAC      140        4       0
                text20                             74C4     74C4       8A        4       0
                text19                             775A     775A       76        4       0
                text18                             60A0     60A0      10C        4       0
                text17                             8362     8362       30     1F02       0
                text16                             4788     4788      304        4       0
                text15                             8468     8468       24     1F02       0
                text14                             3A16     3A16      510        4       0
                text13                               B2       B2     1CB8        4       0
                text12                             7AE0     7AE0       64        4       0
                text11                             8298     8298       34     1F02       0
                text10                             7CC2     7CC2       5C     1F02       0
                text9                              6B4A     6B4A       CE        4       0
                text8                              82CC     82CC       32     1F02       0
                text7                              7C66     7C66       5C     1F02       0
                text6                              743A     743A       8A        4       0
                text5                              8152     8152       46     1F02       0
                text4                              594E     594E      15E        4       0
                text3                              7120     7120       AC        4       0
                text2                              4D72     4D72      2D8        4       0
                text1                              57DE     57DE      170        4       0
                text0                              4406     4406      382        4       0
                cstackCOMRAM                          1        1       59        1       1
                cstackBANK0                          60       60       77       60       1
                cstackBANK1                         100      100       94      100       1
                cstackBANK2                         200      200       B0      200       1
                cstackBANK3                         3DA      3DA       18      300       1
                bssBIGRAM                           A96      A96      456      A96       1
                bssBANK10                           A00      A00       96      A00       1
                bssBANK9                            900      900       96      900       1
                bssBANK8                            800      800       78      800       1
                bssBANK7                            700      700       96      700       1
                bssBANK6                            600      600       96      600       1
                bssBANK5                            500      500       DC      500       1
                bssBANK4                            400      400       F0      400       1
                bssBANK3                            300      300       DA      300       1
                dataBANK2                           2B0      2B0       28      200       1
                bssBANK2                            2D8      2D8       15      200       1
                dataBANK1                           1E9      1E9       17      100       1
                bssBANK1                            194      194       55      100       1
                bssBANK0                             D7       D7       27       60       1
                bssCOMRAM                            5A       5A        3        1       1
                cinit                              67BE     67BE       F4        4       0
                nvBANK3                             3F2      3F2        2      300       1
                idataBANK2                         8440     8440       28     1F02       0
                idataBANK1                         84DC     84DC       17     1F02       0

C:\Program Files (x86)\Microchip\xc8\v1.45\lib\pic18-trace-obj.lib

TOTAL           Name                               Link     Load   Length     Space
        CLASS   STACK          

        CLASS   CODE           
                init                                 AE       AE        4         0
                reset_vec                             0        0        6         0
                ivt0x8                                8        8       A6         0
                text96                             7D78     7D78       5A         0
                text95                             6CDC     6CDC       C4         0
                text94                             6F0E     6F0E       B4         0
                text93                             66C2     66C2       FC         0
                text92                             7310     7310       9E         0
                text91                             8416     8416       2A         0
                text90                             5446     5446      1D0         0
                text89                             7ED2     7ED2       54         0
                text88                             63BE     63BE      104         0
                text87                             754E     754E       8A         0
                text86                             799C     799C       6E         0
                text85                             7A76     7A76       6A         0
                text84                             5E5C     5E5C      130         0
                text83                             5BEC     5BEC      13E         0
                text82                             75D8     75D8       88         0
                text81                             7846     7846       74         0
                text80                             61AC     61AC      10A         0
                text79                             8392     8392       2E         0
                text78                             4A8C     4A8C      2E6         0
                text77                             848C     848C       20         0
                text76                             3F26     3F26      4E0         0
                text75                             1D6A     1D6A     1CAC         0
                text74                             7B44     7B44       62         0
                text73                             8330     8330       32         0
                text72                             7D1E     7D1E       5A         0
                text71                             6C18     6C18       C4         0
                text70                             7DD2     7DD2       58         0
                text69                             6FC2     6FC2       B0         0
                text68                             504A     504A      22A         0
                text67                             81DC     81DC       44         0
                text66                             8198     8198       44         0
                text65                             7F78     7F78       52         0
                text64                             8104     8104       4E         0
                text63                             5F8C     5F8C      114         0
                text62                             5616     5616      1C8         0
                text61                             7F26     7F26       52         0
                text60                             77D0     77D0       76         0
                text59                             8502     8502        2         0
                text58                             825C     825C       3C         0
                text57                             7FCA     7FCA       50         0
                text56                             78BA     78BA       72         0
                text55                             76E0     76E0       7A         0
                text54                             68B2     68B2       E8         0
                text53                             80B6     80B6       4E         0
                text52                             8068     8068       4E         0
                text51                             801A     801A       4E         0
                text50                             7E7E     7E7E       54         0
                text49                             7BA6     7BA6       60         0
                text48                             7660     7660       80         0
                text47                             71CC     71CC       A6         0
                text46                             8220     8220       3C         0
                text45                             64C2     64C2      102         0
                text44                             84FA     84FA        6         0
                text43                             7C08     7C08       5E         0
                text42                             82FE     82FE       32         0
                text41                             8500     8500        2         0
                text40                             84F4     84F4        6         0
                text39                             83EC     83EC       2A         0
                text38                             6A74     6A74       D6         0
                text37                             6DA0     6DA0       B8         0
                text36                             84C4     84C4       18         0
                text35                             84AC     84AC       18         0
                text34                             699A     699A       DA         0
                text33                             7072     7072       AE         0
                text32                             6E58     6E58       B6         0
                text31                             65C4     65C4       FE         0
                text30                             7272     7272       9E         0
                text29                             83C0     83C0       2C         0
                text28                             5274     5274      1D2         0
                text27                             7E2A     7E2A       54         0
                text26                             62B6     62B6      108         0
                text25                             73AE     73AE       8C         0
                text24                             792C     792C       70         0
                text23                             7A0A     7A0A       6C         0
                text22                             5D2A     5D2A      132         0
                text21                             5AAC     5AAC      140         0
                text20                             74C4     74C4       8A         0
                text19                             775A     775A       76         0
                text18                             60A0     60A0      10C         0
                text17                             8362     8362       30         0
                text16                             4788     4788      304         0
                text15                             8468     8468       24         0
                text14                             3A16     3A16      510         0
                text13                               B2       B2     1CB8         0
                text12                             7AE0     7AE0       64         0
                text11                             8298     8298       34         0
                text10                             7CC2     7CC2       5C         0
                text9                              6B4A     6B4A       CE         0
                text8                              82CC     82CC       32         0
                text7                              7C66     7C66       5C         0
                text6                              743A     743A       8A         0
                text5                              8152     8152       46         0
                text4                              594E     594E      15E         0
                text3                              7120     7120       AC         0
                text2                              4D72     4D72      2D8         0
                text1                              57DE     57DE      170         0
                text0                              4406     4406      382         0
                cinit                              67BE     67BE       F4         0
                idataBANK2                         8440     8440       28         0
                idataBANK1                         84DC     84DC       17         0

        CLASS   CONST          

        CLASS   SMALLCONST     

        CLASS   MEDIUMCONST    
                mediumconst                        FABE     FABE      542         0

        CLASS   COMRAM         
                cstackCOMRAM                          1        1       59         1
                bssCOMRAM                            5A       5A        3         1

        CLASS   ABS1           

        CLASS   BIGRAM         
                bssBIGRAM                           A96      A96      456         1

        CLASS   RAM            

        CLASS   BANK0          
                cstackBANK0                          60       60       77         1
                bssBANK0                             D7       D7       27         1

        CLASS   BANK1          
                cstackBANK1                         100      100       94         1
                dataBANK1                           1E9      1E9       17         1
                bssBANK1                            194      194       55         1

        CLASS   BANK2          
                cstackBANK2                         200      200       B0         1
                dataBANK2                           2B0      2B0       28         1
                bssBANK2                            2D8      2D8       15         1

        CLASS   BANK3          
                cstackBANK3                         3DA      3DA       18         1
                bssBANK3                            300      300       DA         1
                nvBANK3                             3F2      3F2        2         1

        CLASS   BANK4          
                bssBANK4                            400      400       F0         1

        CLASS   BANK5          
                bssBANK5                            500      500       DC         1

        CLASS   BANK6          
                bssBANK6                            600      600       96         1

        CLASS   BANK7          
                bssBANK7                            700      700       96         1

        CLASS   BANK8          
                bssBANK8                            800      800       78         1

        CLASS   BANK9          
                bssBANK9                            900      900       96         1

        CLASS   BANK10         
                bssBANK10                           A00      A00       96         1

        CLASS   BANK11         

        CLASS   BANK12         

        CLASS   BANK13         

        CLASS   BANK14         

        CLASS   BANK15         

        CLASS   SFR            

        CLASS   FARRAM         

        CLASS   CONFIG         
                config                           300000   300000        A         0

        CLASS   IDLOC          
                idloc                            200000   200000       10         0

        CLASS   EEDATA         



SEGMENTS        Name                           Load    Length   Top    Selector   Space  Class

                reset_vec                      000000  000006  000006         0       0  CODE    
                cstackCOMRAM                   000001  00005C  00005D         1       1  COMRAM  
                ivt0x8                         000008  007BFE  007C06         4       0  CODE    
                cstackBANK0                    000060  00009E  0000FE        60       1  BANK0   
                cstackBANK1                    000100  000100  000200       100       1  BANK1   
                cstackBANK2                    000200  0000ED  0002ED       200       1  BANK2   
                bssBANK3                       000300  0000F4  0003F4       300       1  BANK3   
                bssBANK4                       000400  0000F0  0004F0       400       1  BANK4   
                bssBANK5                       000500  0000DC  0005DC       500       1  BANK5   
                bssBANK6                       000600  000096  000696       600       1  BANK6   
                bssBANK7                       000700  000096  000796       700       1  BANK7   
                bssBANK8                       000800  000078  000878       800       1  BANK8   
                bssBANK9                       000900  000096  000996       900       1  BANK9   
                bssBANK10                      000A00  000096  000A96       A00       1  BANK10  
                bssBIGRAM                      000A96  000456  000EEC       A96       1  BIGRAM  
                text43                         007C08  0008EB  0084F3      1F02       0  CODE    
                text40                         0084F4  000010  008504      427A       0  CODE    
                mediumconst                    00FABE  000542  010000      7D5F       0  MEDIUMCO
                idloc                          200000  000010  200010    200000       0  IDLOC   
                config                         300000  00000A  30000A    300000       0  CONFIG  


UNUSED ADDRESS RANGES

        Name                Unused          Largest block    Delta
        BANK0            0000FE-0000FF                2
        BANK14           000EEC-000EFF               14
        BANK15           000F00-000FFF              100
        BANK2            0002ED-0002FF               13
        BANK3            0003F4-0003FF                C
        BANK4            0004F0-0004FF               10
        BANK5            0005DC-0005FF               24
        BANK6            000696-0006FF               6A
        BANK7            000796-0007FF               6A
        BANK8            000878-0008FF               88
        BANK9            000996-0009FF               6A
        BIGRAM           00005D-00005F                3
                         0000FE-0000FF                2
                         0002ED-0002FF               13
                         0003F4-0003FF                C
                         0004F0-0004FF               10
                         0005DC-0005FF               24
                         000696-0006FF               6A
                         000796-0007FF               6A
                         000878-0008FF               88
                         000996-0009FF               6A
                         000EEC-000FFF              114
        CODE             000006-000007                2
                         007C06-007C07                2
                         0084F3-0084F3                1
                         008504-00FABD             75BA
        COMRAM           00005D-00005F                3
        CONST            000006-000007                2
                         007C06-007C07                2
                         0084F3-0084F3                1
                         008504-00FABD             75BA
        EEDATA           310000-3103FF              400
        MEDIUMCONST      007C06-007C07                2
                         0084F3-0084F3                1
                         008504-00FABD             75BA
        RAM              0000FE-0000FF                2
                         0002ED-0002FF               13
                         0003F4-0003FF                C
                         0004F0-0004FF               10
                         0005DC-0005FF               24
                         000696-0006FF               6A
                         000796-0007FF               6A
                         000878-0008FF               88
                         000996-0009FF               6A
                         000EEC-000FFF               14
        SFR              003800-003FFF              100
        SMALLCONST       007C06-007C07                2
                         0084F3-0084F3                1
                         008504-00FABD              100
        STACK            000EEC-000FFF              114

                                  Symbol Table

?_Aguarda                                 cstackCOMRAM 00000C
?_Calcula_BaudRate                        cstackBANK2  000213
?_TransmiteBuffer_COMM                    cstackBANK2  000205
?_TransmiteBuffer_USB                     cstackBANK2  000205
?___aldiv                                 cstackBANK2  000205
?___altoft                                cstackBANK2  00024D
?___awdiv                                 cstackBANK2  00020B
?___awmod                                 cstackBANK2  000205
?___awtoft                                cstackBANK2  00020D
?___ftadd                                 cstackBANK2  000232
?___ftdiv                                 cstackBANK2  00022F
?___ftmul                                 cstackBANK2  000219
?___ftneg                                 cstackBANK2  000256
?___ftpack                                cstackBANK2  000205
?___ftsub                                 cstackBANK2  000256
?___fttol                                 cstackBANK2  00023E
?___lldiv                                 cstackBANK2  000205
?___llmod                                 cstackBANK2  000212
?___lltoft                                cstackBANK2  00024D
?___wmul                                  cstackBANK2  000213
?__div_to_l_                              cstackBANK2  000205
?__tdiv_to_l_                             cstackBANK2  000205
?_fround                                  cstackBANK2  000228
?_length                                  cstackCOMRAM 000004
?_scale                                   cstackBANK2  000228
?_sprintf                                 cstackBANK2  000262
?i1_TransmiteBuffer_COMM                  cstackCOMRAM 000004
?i1_TransmiteBuffer_USB                   cstackCOMRAM 000004
?i1___awdiv                               cstackCOMRAM 00000A
?i1___awmod                               cstackCOMRAM 000004
?i1___ftadd                               cstackCOMRAM 00004C
?i1___ftdiv                               cstackCOMRAM 000049
?i1___ftmul                               cstackCOMRAM 000033
?i1___ftneg                               cstackCOMRAM 000030
?i1___ftpack                              cstackCOMRAM 000004
?i1___ftsub                               cstackBANK0  000060
?i1___fttol                               cstackCOMRAM 000018
?i1___lldiv                               cstackCOMRAM 000004
?i1___llmod                               cstackCOMRAM 000011
?i1___lltoft                              cstackCOMRAM 000027
?i1___wmul                                cstackCOMRAM 000012
?i1__div_to_l_                            cstackCOMRAM 000004
?i1__tdiv_to_l_                           cstackCOMRAM 000004
?i1_fround                                cstackCOMRAM 000042
?i1_scale                                 cstackCOMRAM 000042
?i1_sprintf                               cstackBANK0  000069
Abre_Porta_1@BaudRate                     cstackBANK2  00021D
Abre_Porta_1@PORTA                        cstackBANK2  00021B
Abre_Porta_1@baud                         cstackBANK2  000221
Abre_Porta_COMM@BaudRate                  cstackBANK2  00021B
Abre_Porta_COMM@baud                      cstackBANK2  00021F
Aguarda@dado                              cstackCOMRAM 000010
AguardaINT@dado                           cstackBANK0  0000D5
Aguarda_dado@error                        cstackBANK2  0002A4
Aguarda_dado@ff                           cstackBANK2  0002A6
Aguarda_dado@fim                          cstackBANK2  0002A2
Aguarda_dado@inicio                       cstackBANK2  0002A0
Buffer_Escrita_COMM_Add_Char@dado         cstackCOMRAM 000004
Buffer_Escrita_COMM_Add_String@aguarda    cstackCOMRAM 000008
Buffer_Escrita_COMM_Add_String@dado       cstackCOMRAM 000006
Buffer_Escrita_COMM_Add_String@i          cstackCOMRAM 00000C
Buffer_Escrita_USB_Add_Char@dado          cstackBANK2  000205
Buffer_Escrita_USB_Add_String@aguarda     cstackBANK2  000209
Buffer_Escrita_USB_Add_String@dado        cstackBANK2  000207
Buffer_Escrita_USB_Add_String@i           cstackBANK2  00020D
Calcula_BaudRate@BaudRate                 cstackBANK2  000213
Calcula_BaudRate@baud                     cstackBANK2  000217
Calcula_Fator_m@mX                        cstackBANK2  000240
Calcula_Fator_m@mY                        cstackBANK2  000243
IVTBASEH                                  (abs)        003FD6
IVTBASEL                                  (abs)        003FD5
IVTBASEU                                  (abs)        003FD7
Interrupt_USB_485@lido                    cstackCOMRAM 000003
Interrupt_WIFI_GSM@lido                   cstackBANK0  0000D6
SETMACAddr@i                              cstackBANK0  0000D1
SOCKET_RX@i                               cstackCOMRAM 000058
Verifica_Analogica@valoradstr             cstackBANK2  0002A4
_ADACQH                                   (abs)        003EF4
_ADACQL                                   (abs)        003EF3
_ADCAP                                    (abs)        003EF5
_ADCLKbits                                (abs)        003EFF
_ADCON0bits                               (abs)        003EF8
_ADPCH                                    (abs)        003EF1
_ADPREH                                   (abs)        003EF7
_ADPREL                                   (abs)        003EF6
_ADREFbits                                (abs)        003EFD
_ADRESH                                   (abs)        003EF0
_ADRESL                                   (abs)        003EEF
_ANSELAbits                               (abs)        003A40
_ANSELBbits                               (abs)        003A50
_ANSELCbits                               (abs)        003A60
_ANSELDbits                               (abs)        003A70
_ANSELEbits                               (abs)        003A80
_Abre_Porta_1                             text34       00699A
_Abre_Porta_COMM                          text33       007072
_Aguarda                                  text63       005F8C
_AguardaFrames                            bssBANK0     0000F3
_AguardaINT                               text45       0064C2
_Aguarda_End_Ponteiro                     bssBANK0     0000EF
_Aguarda_Funcao                           bssBANK0     0000EB
_Aguarda_Ponteiro                         bssBANK0     0000F1
_Aguarda_Resposta                         bssBANK3     000300
_Aguarda_dado                             text12       007AE0
_Aguarda_end                              bssBANK3     0003D0
_Aguarda_end_frame                        bssBANK3     000396
_Aguarda_error                            bssBANK3     0003A0
_Aguarda_str                              bssBANK3     0003AA
_Aguarda_str_OK                           bssBANK0     0000ED
_BORCONbits                               (abs)        0039D0
_Buffer_Escrita_COMM_Add_Char             text42       0082FE
_Buffer_Escrita_COMM_Add_String           text95       006CDC
_Buffer_Escrita_USB_Add_Char              text11       008298
_Buffer_Escrita_USB_Add_String            text9        006B4A
_Buffer_Leitura_USB_Add_Char              text41       008500
_Calcula_BaudRate                         text37       006DA0
_Calcula_Fator_m                          text3        007120
_Converte_Escala                          text4        00594E
_EstadoInterno                            bssBANK1     0001DB
_FVRCONbits                               (abs)        003EC1
_GETMACAddr                               text61       007F26
_HighCRC                                  bssCOMRAM    00005C
_INTCON0bits                              (abs)        003FD2
_InicializaWifi                           text8        0082CC
_Interrupt_USB_485                        text39       0083EC
_Interrupt_WIFI_GSM                       text43       007C08
_LATAbits                                 (abs)        003FBA
_LATDbits                                 (abs)        003FBD
_LATEbits                                 (abs)        003FBE
_LATFbits                                 (abs)        003FBF
_LowCRC                                   bssBANK0     0000FB
_MACAddress                               bssBANK3     0003BE
_MEMORIA                                  bssBANK1     000194
_Max_Entrada                              bssBANK2     0002DD
_Max_Entrada1                             dataBANK2    0002D4
_Max_Entrada10                            dataBANK2    0002B0
_Max_Entrada2                             dataBANK2    0002CE
_Max_Entrada3                             dataBANK2    0002CA
_Max_Entrada4                             dataBANK2    0002C6
_Max_Entrada5                             dataBANK2    0002C2
_Max_Entrada6                             dataBANK2    0002BE
_Max_Entrada7                             dataBANK2    0002BA
_Max_Entrada8                             dataBANK2    0002B6
_Max_Entrada9                             dataBANK2    0002B2
_Max_Saida                                bssBANK2     0002DF
_Max_Saida1                               dataBANK2    0002D6
_Max_Saida10                              dataBANK1    0001FE
_Max_Saida2                               dataBANK2    0002D0
_Max_Saida3                               dataBANK2    0002CC
_Max_Saida4                               dataBANK2    0002C8
_Max_Saida5                               dataBANK2    0002C4
_Max_Saida6                               dataBANK2    0002C0
_Max_Saida7                               dataBANK2    0002BC
_Max_Saida8                               dataBANK2    0002B8
_Max_Saida9                               dataBANK2    0002B4
_Min_Entrada                              bssBANK1     0001CF
_Min_Entrada1                             dataBANK2    0002D2
_Min_Saida                                bssBANK1     0001D1
_Min_Saida1                               bssBANK1     0001D3
_PCON0                                    (abs)        003FF0
_PCON1                                    (abs)        003FF1
_PIE3bits                                 (abs)        003993
_PIE6bits                                 (abs)        003996
_PORTAbits                                (abs)        003FCA
_PORTBbits                                (abs)        003FCB
_PORTEbits                                (abs)        003FCE
_PPSLOCK                                  (abs)        003ABF
_Ponteiro_ERRO                            bssBANK0     0000E9
_Ponteiro_FIM                             bssBANK0     0000E7
_Post                                     text60       0077D0
_Post2                                    text58       00825C
_RB1PPS                                   (abs)        003A09
_RC0PPS                                   (abs)        003A10
_RC5PPS                                   (abs)        003A15
_Recebe                                   text40       0084F4
_Recebe_COMM                              text44       0084FA
_RecebendoFrames                          bssBANK1     0001DD
_Registros                                bssBANK3     000364
_SELECIONA                                bssBANK1     0001C7
_SETMACAddr                               text47       0071CC
_SOCKET_RX                                text48       007660
_TASK_POST                                text46       008220
_TRISAbits                                (abs)        003FC2
_TRISBbits                                (abs)        003FC3
_TRISCbits                                (abs)        003FC4
_TRISDbits                                (abs)        003FC5
_TRISEbits                                (abs)        003FC6
_TRISFbits                                (abs)        003FC7
_TimeOut_Threshold                        bssBANK1     0001D5
_TimeoutCount                             bssBANK1     0001D7
_TransmiteBuffer_COMM                     text7        007C66
_TransmiteBuffer_USB                      text10       007CC2
_U1BRGH                                   (abs)        003DF6
_U1BRGL                                   (abs)        003DF5
_U1CON0bits                               (abs)        003DF2
_U1CON1bits                               (abs)        003DF3
_U1ERRIRbits                              (abs)        003DF9
_U1RXB                                    (abs)        003DE8
_U1RXIF                                   (abs)        01CD1B
_U1RXPPS                                  (abs)        003AE5
_U1TXB                                    (abs)        003DEA
_U2BRGH                                   (abs)        003DDE
_U2BRGL                                   (abs)        003DDD
_U2CON0bits                               (abs)        003DDA
_U2CON1bits                               (abs)        003DDB
_U2ERRIRbits                              (abs)        003DE1
_U2RXB                                    (abs)        003DD0
_U2RXIF                                   (abs)        01CD32
_U2RXPPS                                  (abs)        003AE8
_U2TXB                                    (abs)        003DD2
_Verifica_Analogica                       text1        0057DE
_WDTCON0bits                              (abs)        00395B
_WIND                                     text49       007BA6
__CFG_BBEN$OFF                            (abs)        000000
__CFG_BBSIZE$BBSIZE_512                   (abs)        000000
__CFG_BOREN$SBORDIS                       (abs)        000000
__CFG_BORV$VBOR_2P45                      (abs)        000000
__CFG_CLKOUTEN$OFF                        (abs)        000000
__CFG_CP$OFF                              (abs)        000000
__CFG_CSWEN$ON                            (abs)        000000
__CFG_DEBUG$OFF                           (abs)        000000
__CFG_FCMEN$OFF                           (abs)        000000
__CFG_FEXTOSC$HS                          (abs)        000000
__CFG_IVT1WAY$ON                          (abs)        000000
__CFG_LPBOREN$OFF                         (abs)        000000
__CFG_LVP$ON                              (abs)        000000
__CFG_MCLRE$EXTMCLR                       (abs)        000000
__CFG_MVECEN$ON                           (abs)        000000
__CFG_PPS1WAY$ON                          (abs)        000000
__CFG_PR1WAY$ON                           (abs)        000000
__CFG_PWRTS$PWRT_OFF                      (abs)        000000
__CFG_RSTOSC$EXTOSC_4PLL                  (abs)        000000
__CFG_SAFEN$OFF                           (abs)        000000
__CFG_STVREN$ON                           (abs)        000000
__CFG_WDTCCS$SC                           (abs)        000000
__CFG_WDTCPS$WDTCPS_31                    (abs)        000000
__CFG_WDTCWS$WDTCWS_7                     (abs)        000000
__CFG_WDTE$ON                             (abs)        000000
__CFG_WRTAPP$OFF                          (abs)        000000
__CFG_WRTB$OFF                            (abs)        000000
__CFG_WRTC$OFF                            (abs)        000000
__CFG_WRTD$OFF                            (abs)        000000
__CFG_WRTSAF$OFF                          (abs)        000000
__CFG_XINST$OFF                           (abs)        000000
__CFG_ZCD$OFF                             (abs)        000000
__HRAM                                    (abs)        000000
__Habs1                                   abs1         000000
__Hbank0                                  bank0        000000
__Hbank1                                  bank1        000000
__Hbank10                                 bank10       000000
__Hbank11                                 bank11       000000
__Hbank12                                 bank12       000000
__Hbank13                                 bank13       000000
__Hbank14                                 bank14       000000
__Hbank15                                 bank15       000000
__Hbank2                                  bank2        000000
__Hbank3                                  bank3        000000
__Hbank4                                  bank4        000000
__Hbank5                                  bank5        000000
__Hbank6                                  bank6        000000
__Hbank7                                  bank7        000000
__Hbank8                                  bank8        000000
__Hbank9                                  bank9        000000
__Hbigbss                                 bigbss       000000
__Hbigdata                                bigdata      000000
__Hbigram                                 bigram       000000
__Hbss                                    bss          000000
__HbssBANK0                               bssBANK0     000000
__HbssBANK1                               bssBANK1     000000
__HbssBANK10                              bssBANK10    000000
__HbssBANK2                               bssBANK2     000000
__HbssBANK3                               bssBANK3     000000
__HbssBANK4                               bssBANK4     000000
__HbssBANK5                               bssBANK5     000000
__HbssBANK6                               bssBANK6     000000
__HbssBANK7                               bssBANK7     000000
__HbssBANK8                               bssBANK8     000000
__HbssBANK9                               bssBANK9     000000
__HbssBIGRAM                              bssBIGRAM    000000
__HbssCOMRAM                              bssCOMRAM    000000
__Hcinit                                  cinit        000000
__Hclrtext                                clrtext      000000
__Hcomram                                 comram       000000
__Hconfig                                 config       30000A
__Hconst                                  const        000000
__HcstackBANK0                            cstackBANK0  000000
__HcstackBANK1                            cstackBANK1  000000
__HcstackBANK2                            cstackBANK2  000000
__HcstackBANK3                            cstackBANK3  000000
__HcstackCOMRAM                           cstackCOMRAM 000000
__Hdata                                   data         000000
__HdataBANK1                              dataBANK1    000000
__HdataBANK2                              dataBANK2    000000
__Heeprom_data                            eeprom_data  000000
__Hfarbss                                 farbss       000000
__Hfardata                                fardata      000000
__Hibigdata                               ibigdata     000000
__Hidata                                  idata        000000
__HidataBANK1                             idataBANK1   000000
__HidataBANK2                             idataBANK2   000000
__Hidloc                                  idloc        200010
__Hifardata                               ifardata     000000
__Hinit                                   init         0000B2
__Hintsave_regs                           intsave_regs 000000
__Hirdata                                 irdata       000000
__Hivt0x8                                 ivt0x8       0000AE
__Hmediumconst                            mediumconst  010000
__HnvBANK3                                nvBANK3      000000
__HnvFARRAM                               nvFARRAM     000000
__Hnvbit                                  nvbit        000000
__Hnvrram                                 nvrram       000000
__Hparam                                  rparam       000000
__Hpowerup                                powerup      000000
__Hram                                    ram          000000
__Hramtop                                 ramtop       001000
__Hrbit                                   rbit         000000
__Hrbss                                   rbss         000000
__Hrdata                                  rdata        000000
__Hreset_vec                              reset_vec    000006
__Hrparam                                 rparam       000000
__Hsfr                                    sfr          000000
__Hsmallconst                             smallconst   000000
__Hspace_0                                (abs)        30000A
__Hspace_1                                (abs)        000EEC
__Hspace_2                                (abs)        000000
__Hstack                                  stack        000000
__Hstruct                                 struct       000000
__Htemp                                   temp         000000
__Htext                                   text         000000
__Htext0                                  text0        000000
__Htext1                                  text1        000000
__Htext10                                 text10       000000
__Htext11                                 text11       000000
__Htext12                                 text12       000000
__Htext13                                 text13       000000
__Htext14                                 text14       000000
__Htext15                                 text15       000000
__Htext16                                 text16       000000
__Htext17                                 text17       000000
__Htext18                                 text18       000000
__Htext19                                 text19       000000
__Htext2                                  text2        000000
__Htext20                                 text20       000000
__Htext21                                 text21       000000
__Htext22                                 text22       000000
__Htext23                                 text23       000000
__Htext24                                 text24       000000
__Htext25                                 text25       000000
__Htext26                                 text26       000000
__Htext27                                 text27       000000
__Htext28                                 text28       000000
__Htext29                                 text29       000000
__Htext3                                  text3        000000
__Htext30                                 text30       000000
__Htext31                                 text31       000000
__Htext32                                 text32       000000
__Htext33                                 text33       000000
__Htext34                                 text34       000000
__Htext35                                 text35       000000
__Htext36                                 text36       000000
__Htext37                                 text37       000000
__Htext38                                 text38       000000
__Htext39                                 text39       000000
__Htext4                                  text4        000000
__Htext40                                 text40       000000
__Htext41                                 text41       000000
__Htext42                                 text42       000000
__Htext43                                 text43       000000
__Htext44                                 text44       000000
__Htext45                                 text45       000000
__Htext46                                 text46       000000
__Htext47                                 text47       000000
__Htext48                                 text48       000000
__Htext49                                 text49       000000
__Htext5                                  text5        000000
__Htext50                                 text50       000000
__Htext51                                 text51       000000
__Htext52                                 text52       000000
__Htext53                                 text53       000000
__Htext54                                 text54       000000
__Htext55                                 text55       000000
__Htext56                                 text56       000000
__Htext57                                 text57       000000
__Htext58                                 text58       000000
__Htext59                                 text59       000000
__Htext6                                  text6        000000
__Htext60                                 text60       000000
__Htext61                                 text61       000000
__Htext62                                 text62       000000
__Htext63                                 text63       000000
__Htext64                                 text64       000000
__Htext65                                 text65       000000
__Htext66                                 text66       000000
__Htext67                                 text67       000000
__Htext68                                 text68       000000
__Htext69                                 text69       000000
__Htext7                                  text7        000000
__Htext70                                 text70       000000
__Htext71                                 text71       000000
__Htext72                                 text72       000000
__Htext73                                 text73       000000
__Htext74                                 text74       000000
__Htext75                                 text75       000000
__Htext76                                 text76       000000
__Htext77                                 text77       000000
__Htext78                                 text78       000000
__Htext79                                 text79       000000
__Htext8                                  text8        000000
__Htext80                                 text80       000000
__Htext81                                 text81       000000
__Htext82                                 text82       000000
__Htext83                                 text83       000000
__Htext84                                 text84       000000
__Htext85                                 text85       000000
__Htext86                                 text86       000000
__Htext87                                 text87       000000
__Htext88                                 text88       000000
__Htext89                                 text89       000000
__Htext9                                  text9        000000
__Htext90                                 text90       000000
__Htext91                                 text91       000000
__Htext92                                 text92       000000
__Htext93                                 text93       000000
__Htext94                                 text94       000000
__Htext95                                 text95       000000
__Htext96                                 text96       000000
__Htext97                                 text97       000000
__IT_DATA                                 bssBANK0     0000F9
__IT_ID                                   bssBANK0     0000FA
__IT_INT_MASK                             bssBANK0     0000F8
__IT_SAVE_BSR                             bssBANK0     0000F7
__IT_SAVE_STATUS                          bssBANK0     0000F5
__IT_SAVE_WREG                            bssBANK0     0000F6
__LRAM                                    (abs)        000001
__Labs1                                   abs1         000000
__Lbank0                                  bank0        000000
__Lbank1                                  bank1        000000
__Lbank10                                 bank10       000000
__Lbank11                                 bank11       000000
__Lbank12                                 bank12       000000
__Lbank13                                 bank13       000000
__Lbank14                                 bank14       000000
__Lbank15                                 bank15       000000
__Lbank2                                  bank2        000000
__Lbank3                                  bank3        000000
__Lbank4                                  bank4        000000
__Lbank5                                  bank5        000000
__Lbank6                                  bank6        000000
__Lbank7                                  bank7        000000
__Lbank8                                  bank8        000000
__Lbank9                                  bank9        000000
__Lbigbss                                 bigbss       000000
__Lbigdata                                bigdata      000000
__Lbigram                                 bigram       000000
__Lbss                                    bss          000000
__LbssBANK0                               bssBANK0     000000
__LbssBANK1                               bssBANK1     000000
__LbssBANK10                              bssBANK10    000000
__LbssBANK2                               bssBANK2     000000
__LbssBANK3                               bssBANK3     000000
__LbssBANK4                               bssBANK4     000000
__LbssBANK5                               bssBANK5     000000
__LbssBANK6                               bssBANK6     000000
__LbssBANK7                               bssBANK7     000000
__LbssBANK8                               bssBANK8     000000
__LbssBANK9                               bssBANK9     000000
__LbssBIGRAM                              bssBIGRAM    000000
__LbssCOMRAM                              bssCOMRAM    000000
__Lcinit                                  cinit        000000
__Lclrtext                                clrtext      000000
__Lcomram                                 comram       000000
__Lconfig                                 config       300000
__Lconst                                  const        000000
__LcstackBANK0                            cstackBANK0  000000
__LcstackBANK1                            cstackBANK1  000000
__LcstackBANK2                            cstackBANK2  000000
__LcstackBANK3                            cstackBANK3  000000
__LcstackCOMRAM                           cstackCOMRAM 000000
__Ldata                                   data         000000
__LdataBANK1                              dataBANK1    000000
__LdataBANK2                              dataBANK2    000000
__Leeprom_data                            eeprom_data  000000
__Lfarbss                                 farbss       000000
__Lfardata                                fardata      000000
__Libigdata                               ibigdata     000000
__Lidata                                  idata        000000
__LidataBANK1                             idataBANK1   000000
__LidataBANK2                             idataBANK2   000000
__Lidloc                                  idloc        200000
__Lifardata                               ifardata     000000
__Linit                                   init         0000AE
__Lintsave_regs                           intsave_regs 000000
__Lirdata                                 irdata       000000
__Livt0x8                                 ivt0x8       000008
__Lmediumconst                            mediumconst  00FABE
__LnvBANK3                                nvBANK3      000000
__LnvFARRAM                               nvFARRAM     000000
__Lnvbit                                  nvbit        000000
__Lnvrram                                 nvrram       000000
__Lparam                                  rparam       000000
__Lpowerup                                powerup      000000
__Lram                                    ram          000000
__Lramtop                                 ramtop       001000
__Lrbit                                   rbit         000000
__Lrbss                                   rbss         000000
__Lrdata                                  rdata        000000
__Lreset_vec                              reset_vec    000000
__Lrparam                                 rparam       000000
__Lsfr                                    sfr          000000
__Lsmallconst                             smallconst   000000
__Lspace_0                                (abs)        000000
__Lspace_1                                (abs)        000000
__Lspace_2                                (abs)        000000
__Lstack                                  stack        000000
__Lstruct                                 struct       000000
__Ltemp                                   temp         000000
__Ltext                                   text         000000
__Ltext0                                  text0        000000
__Ltext1                                  text1        000000
__Ltext10                                 text10       000000
__Ltext11                                 text11       000000
__Ltext12                                 text12       000000
__Ltext13                                 text13       000000
__Ltext14                                 text14       000000
__Ltext15                                 text15       000000
__Ltext16                                 text16       000000
__Ltext17                                 text17       000000
__Ltext18                                 text18       000000
__Ltext19                                 text19       000000
__Ltext2                                  text2        000000
__Ltext20                                 text20       000000
__Ltext21                                 text21       000000
__Ltext22                                 text22       000000
__Ltext23                                 text23       000000
__Ltext24                                 text24       000000
__Ltext25                                 text25       000000
__Ltext26                                 text26       000000
__Ltext27                                 text27       000000
__Ltext28                                 text28       000000
__Ltext29                                 text29       000000
__Ltext3                                  text3        000000
__Ltext30                                 text30       000000
__Ltext31                                 text31       000000
__Ltext32                                 text32       000000
__Ltext33                                 text33       000000
__Ltext34                                 text34       000000
__Ltext35                                 text35       000000
__Ltext36                                 text36       000000
__Ltext37                                 text37       000000
__Ltext38                                 text38       000000
__Ltext39                                 text39       000000
__Ltext4                                  text4        000000
__Ltext40                                 text40       000000
__Ltext41                                 text41       000000
__Ltext42                                 text42       000000
__Ltext43                                 text43       000000
__Ltext44                                 text44       000000
__Ltext45                                 text45       000000
__Ltext46                                 text46       000000
__Ltext47                                 text47       000000
__Ltext48                                 text48       000000
__Ltext49                                 text49       000000
__Ltext5                                  text5        000000
__Ltext50                                 text50       000000
__Ltext51                                 text51       000000
__Ltext52                                 text52       000000
__Ltext53                                 text53       000000
__Ltext54                                 text54       000000
__Ltext55                                 text55       000000
__Ltext56                                 text56       000000
__Ltext57                                 text57       000000
__Ltext58                                 text58       000000
__Ltext59                                 text59       000000
__Ltext6                                  text6        000000
__Ltext60                                 text60       000000
__Ltext61                                 text61       000000
__Ltext62                                 text62       000000
__Ltext63                                 text63       000000
__Ltext64                                 text64       000000
__Ltext65                                 text65       000000
__Ltext66                                 text66       000000
__Ltext67                                 text67       000000
__Ltext68                                 text68       000000
__Ltext69                                 text69       000000
__Ltext7                                  text7        000000
__Ltext70                                 text70       000000
__Ltext71                                 text71       000000
__Ltext72                                 text72       000000
__Ltext73                                 text73       000000
__Ltext74                                 text74       000000
__Ltext75                                 text75       000000
__Ltext76                                 text76       000000
__Ltext77                                 text77       000000
__Ltext78                                 text78       000000
__Ltext79                                 text79       000000
__Ltext8                                  text8        000000
__Ltext80                                 text80       000000
__Ltext81                                 text81       000000
__Ltext82                                 text82       000000
__Ltext83                                 text83       000000
__Ltext84                                 text84       000000
__Ltext85                                 text85       000000
__Ltext86                                 text86       000000
__Ltext87                                 text87       000000
__Ltext88                                 text88       000000
__Ltext89                                 text89       000000
__Ltext9                                  text9        000000
__Ltext90                                 text90       000000
__Ltext91                                 text91       000000
__Ltext92                                 text92       000000
__Ltext93                                 text93       000000
__Ltext94                                 text94       000000
__Ltext95                                 text95       000000
__Ltext96                                 text96       000000
__Ltext97                                 text97       000000
__S0                                      (abs)        30000A
__S1                                      (abs)        000EEC
__S2                                      (abs)        000000
___DCByte                                 nvBANK3      0003F3
___DCDelay                                nvBANK3      0003F2
___IT                                     (abs)        000101
___aldiv                                  text38       006A74
___aldiv@counter                          cstackBANK2  00020D
___aldiv@dividend                         cstackBANK2  000205
___aldiv@divisor                          cstackBANK2  000209
___aldiv@quotient                         cstackBANK2  00020F
___aldiv@sign                             cstackBANK2  00020E
___altoft                                 text6        00743A
___altoft@c                               cstackBANK2  00024D
___altoft@exp                             cstackBANK2  000255
___altoft@sign                            cstackBANK2  000256
___awdiv                                  text20       0074C4
___awdiv@counter                          cstackBANK2  00020F
___awdiv@dividend                         cstackBANK2  00020B
___awdiv@divisor                          cstackBANK2  00020D
___awdiv@quotient                         cstackBANK2  000211
___awdiv@sign                             cstackBANK2  000210
___awmod                                  text19       00775A
___awmod@counter                          cstackBANK2  000209
___awmod@dividend                         cstackBANK2  000205
___awmod@divisor                          cstackBANK2  000207
___awmod@sign                             cstackBANK2  00020A
___awtoft                                 text5        008152
___awtoft@c                               cstackBANK2  00020D
___awtoft@sign                            cstackBANK2  000210
___ftadd                                  text28       005274
___ftadd@exp1                             cstackBANK2  00023D
___ftadd@exp2                             cstackBANK2  00023C
___ftadd@f1                               cstackBANK2  000232
___ftadd@f2                               cstackBANK2  000235
___ftadd@sign                             cstackBANK2  00023B
___ftdiv                                  text31       0065C4
___ftdiv@cntr                             cstackBANK2  000238
___ftdiv@exp                              cstackBANK2  00023C
___ftdiv@f1                               cstackBANK2  00022F
___ftdiv@f2                               cstackBANK2  000232
___ftdiv@f3                               cstackBANK2  000239
___ftdiv@sign                             cstackBANK2  00023D
___ftge                                   text30       007272
___ftge@ff1                               cstackBANK2  000259
___ftge@ff2                               cstackBANK2  00025C
___ftmul                                  text18       0060A0
___ftmul@cntr                             cstackBANK2  000226
___ftmul@exp                              cstackBANK2  000222
___ftmul@f1                               cstackBANK2  000219
___ftmul@f2                               cstackBANK2  00021C
___ftmul@f3_as_product                    cstackBANK2  000223
___ftmul@sign                             cstackBANK2  000227
___ftneg                                  text29       0083C0
___ftneg@f1                               cstackBANK2  000256
___ftpack                                 text32       006E58
___ftpack@arg                             cstackBANK2  000205
___ftpack@exp                             cstackBANK2  000208
___ftpack@sign                            cstackBANK2  000209
___ftsub                                  text27       007E2A
___ftsub@f1                               cstackBANK2  000256
___ftsub@f2                               cstackBANK2  000259
___fttol                                  text26       0062B6
___fttol@exp1                             cstackBANK2  00024C
___fttol@f1                               cstackBANK2  00023E
___fttol@lval                             cstackBANK2  000248
___fttol@sign1                            cstackBANK2  000247
___inthi_sp                               stack        000000
___intlo_sp                               stack        000000
___lldiv                                  text25       0073AE
___lldiv@counter                          cstackBANK2  000211
___lldiv@dividend                         cstackBANK2  000205
___lldiv@divisor                          cstackBANK2  000209
___lldiv@quotient                         cstackBANK2  00020D
___llmod                                  text24       00792C
___llmod@counter                          cstackBANK2  00021A
___llmod@dividend                         cstackBANK2  000212
___llmod@divisor                          cstackBANK2  000216
___lltoft                                 text23       007A0A
___lltoft@c                               cstackBANK2  00024D
___lltoft@exp                             cstackBANK2  000255
___param_bank                             (abs)        000000
___rparam_used                            (abs)        000001
___sp                                     stack        000000
___wmul                                   text17       008362
___wmul@multiplicand                      cstackBANK2  000215
___wmul@multiplier                        cstackBANK2  000213
___wmul@product                           cstackBANK2  000217
__accesstop                               (abs)        000060
__activetblptr                            (abs)        000003
__div_to_l_                               text22       005D2A
__div_to_l_@cntr                          cstackBANK2  00020F
__div_to_l_@exp1                          cstackBANK2  000210
__div_to_l_@f1                            cstackBANK2  000205
__div_to_l_@f2                            cstackBANK2  000208
__div_to_l_@quot                          cstackBANK2  00020B
__end_of_Abre_Porta_1                     text34       006A74
__end_of_Abre_Porta_COMM                  text33       007120
__end_of_Aguarda                          text63       0060A0
__end_of_AguardaINT                       text45       0065C4
__end_of_Aguarda_dado                     text12       007B44
__end_of_Buffer_Escrita_COMM_Add_Char     text42       008330
__end_of_Buffer_Escrita_COMM_Add_String   text95       006DA0
__end_of_Buffer_Escrita_USB_Add_Char      text11       0082CC
__end_of_Buffer_Escrita_USB_Add_String    text9        006C18
__end_of_Buffer_Leitura_USB_Add_Char      text41       008502
__end_of_Calcula_BaudRate                 text37       006E58
__end_of_Calcula_Fator_m                  text3        0071CC
__end_of_Converte_Escala                  text4        005AAC
__end_of_GETMACAddr                       text61       007F78
__end_of_InicializaWifi                   text8        0082FE
__end_of_Interrupt_USB_485                text39       008416
__end_of_Interrupt_WIFI_GSM               text43       007C66
__end_of_Post                             text60       007846
__end_of_Post2                            text58       008298
__end_of_Recebe                           text40       0084FA
__end_of_Recebe_COMM                      text44       008500
__end_of_SETMACAddr                       text47       007272
__end_of_SOCKET_RX                        text48       0076E0
__end_of_TASK_POST                        text46       00825C
__end_of_TransmiteBuffer_COMM             text7        007CC2
__end_of_TransmiteBuffer_USB              text10       007D1E
__end_of_Verifica_Analogica               text1        00594E
__end_of_WIND                             text49       007C06
__end_of___aldiv                          text38       006B4A
__end_of___altoft                         text6        0074C4
__end_of___awdiv                          text20       00754E
__end_of___awmod                          text19       0077D0
__end_of___awtoft                         text5        008198
__end_of___ftadd                          text28       005446
__end_of___ftdiv                          text31       0066C2
__end_of___ftge                           text30       007310
__end_of___ftmul                          text18       0061AC
__end_of___ftneg                          text29       0083EC
__end_of___ftpack                         text32       006F0E
__end_of___ftsub                          text27       007E7E
__end_of___fttol                          text26       0063BE
__end_of___lldiv                          text25       00743A
__end_of___llmod                          text24       00799C
__end_of___lltoft                         text23       007A76
__end_of___wmul                           text17       008392
__end_of__div_to_l_                       text22       005E5C
__end_of__initialization                  cinit        0068AC
__end_of__npowers_                        mediumconst  00FB35
__end_of__powers_                         mediumconst  00FB0E
__end_of__tdiv_to_l_                      text21       005BEC
__end_of_ajusta_escala                    text2        00504A
__end_of_append_Arquivo_Json              text68       005274
__end_of_cria_Arquivo                     text69       007072
__end_of_dpowers                          mediumconst  00FAE7
__end_of_fround                           text16       004A8C
__end_of_hexpowers                        mediumconst  00FB55
__end_of_inicia_Post                      text56       00792C
__end_of_isdigit                          text15       00848C
__end_of_length                           text70       007E2A
__end_of_limpa_Buffer_Escrita_COMM        text67       008220
__end_of_limpa_Buffer_Escrita_USB         text66       0081DC
__end_of_lock_PPS                         text36       0084DC
__end_of_main                             text0        004788
__end_of_nada                             text59       008504
__end_of_recebe                           text57       00801A
__end_of_recebeADDRESS                    text51       008068
__end_of_recebeFRAMEID                    text55       00775A
__end_of_recebeFRAMES                     text62       0057DE
__end_of_recebeFUNCTIONCODE               text52       0080B6
__end_of_recebeNETWORKID                  text54       00699A
__end_of_recebeNODEID                     text53       008104
__end_of_recebeSIZE                       text50       007ED2
__end_of_scale                            text14       003F26
__end_of_sprintf                          text13       001D6A
__end_of_unLock_PPS                       text35       0084C4
__end_of_verificaERRO                     text65       007FCA
__end_of_verificaFimFrame                 text64       008152
__end_ofi1_Aguarda_dado                   text74       007BA6
__end_ofi1_Buffer_Escrita_USB_Add_Char    text73       008362
__end_ofi1_Buffer_Escrita_USB_Add_String  text71       006CDC
__end_ofi1_TransmiteBuffer_COMM           text96       007DD2
__end_ofi1_TransmiteBuffer_USB            text72       007D78
__end_ofi1___awdiv                        text82       007660
__end_ofi1___awmod                        text81       0078BA
__end_ofi1___ftadd                        text90       005616
__end_ofi1___ftdiv                        text93       0067BE
__end_ofi1___ftge                         text92       0073AE
__end_ofi1___ftmul                        text80       0062B6
__end_ofi1___ftneg                        text91       008440
__end_ofi1___ftpack                       text94       006FC2
__end_ofi1___ftsub                        text89       007F26
[...]
      Params:         6       0       0       0       0       0       0       0       0       0       0       0       0       0       0       0       0
      Locals:         3       0       0       0       0       0       0       0       0       0       0       0       0       0       0       0       0
      Temps:          3       0       0       0       0       0       0       0       0       0       0       0       0       0       0       0       0
      Totals:        12       0       0       0       0       0       0       0       0       0       0       0       0       0       0       0       0
Total ram usage:       12 bytes
 Hardware stack levels used:    1
 Hardware stack levels required when called:    1
 This function calls:
		i1___ftpack
 This function is called by:
		i1_sprintf
		i1___ftsub
 This function uses a non-reentrant model


 *************** function i1___ftneg *****************
 Defined at:
		line 15 in file "C:\Program Files (x86)\Microchip\xc8\v1.45\sources\common\ftneg.c"
 Parameters:    Size  Location     Type
  f1              3   47[COMRAM] float 
 Auto vars:     Size  Location     Type
		None
 Return value:  Size  Location     Type
                  3   47[COMRAM] float 
 Registers used:
		wreg, status,2, status,0
 Tracked objects:
		On entry : 
		On exit  : 
		Unchanged: 
 Data sizes:     COMRAM   BANK0   BANK1   BANK2   BANK3   BANK4   BANK5   BANK6   BANK7   BANK8   BANK9  BANK10  BANK11  BANK12  BANK13  BANK14  BANK15
      Params:         3       0       0       0       0       0       0       0       0       0       0       0       0       0       0       0       0
      Locals:         0       0       0       0       0       0       0       0       0       0       0       0       0       0       0       0       0
      Temps:          0       0       0       0       0       0       0       0       0       0       0       0       0       0       0       0       0
      Totals:         3       0       0       0       0       0       0       0       0       0       0       0       0       0       0       0       0
Total ram usage:        3 bytes
 Hardware stack levels used:    1
 This function calls:
		Nothing
 This function is called by:
		i1_sprintf
 This function uses a non-reentrant model


 *************** function i1___ftge *****************
 Defined at:
		line 4 in file "C:\Program Files (x86)\Microchip\xc8\v1.45\sources\common\ftge.c"
 Parameters:    Size  Location     Type
  ff1             3    0[BANK0 ] float 
  ff2             3    3[BANK0 ] float 
 Auto vars:     Size  Location     Type
		None
 Return value:  Size  Location     Type
		None               void
 Registers used:
		wreg, status,2, status,0
 Tracked objects:
		On entry : 
		On exit  : 
		Unchanged: 
 Data sizes:     COMRAM   BANK0   BANK1   BANK2   BANK3   BANK4   BANK5   BANK6   BANK7   BANK8   BANK9  BANK10  BANK11  BANK12  BANK13  BANK14  BANK15
      Params:         0       6       0       0       0       0       0       0       0       0       0       0       0       0       0       0       0
      Locals:         0       0       0       0       0       0       0       0       0       0       0       0       0       0       0       0       0
      Temps:          0       3       0       0       0       0       0       0       0       0       0       0       0       0       0       0       0
      Totals:         0       9       0       0       0       0       0       0       0       0       0       0       0       0       0       0       0
Total ram usage:        9 bytes
 Hardware stack levels used:    1
 This function calls:
		Nothing
 This function is called by:
		i1_sprintf
 This function uses a non-reentrant model


 *************** function i1___ftdiv *****************
 Defined at:
		line 54 in file "C:\Program Files (x86)\Microchip\xc8\v1.45\sources\common\ftdiv.c"
 Parameters:    Size  Location     Type
  f1              3   72[COMRAM] float 
  f2              3   75[COMRAM] float 
 Auto vars:     Size  Location     Type
  __ftdiv         3   82[COMRAM] float 
  __ftdiv         1   86[COMRAM] unsigned char 
  __ftdiv         1   85[COMRAM] unsigned char 
  __ftdiv         1   81[COMRAM] unsigned char 
 Return value:  Size  Location     Type
                  3   72[COMRAM] float 
 Registers used:
		wreg, status,2, status,0, cstack
 Tracked objects:
		On entry : 
		On exit  : 
		Unchanged: 
 Data sizes:     COMRAM   BANK0   BANK1   BANK2   BANK3   BANK4   BANK5   BANK6   BANK7   BANK8   BANK9  BANK10  BANK11  BANK12  BANK13  BANK14  BANK15
      Params:         6       0       0       0       0       0       0       0       0       0       0       0       0       0       0       0       0
      Locals:         6       0       0       0       0       0       0       0       0       0       0       0       0       0       0       0       0
      Temps:          3       0       0       0       0       0       0       0       0       0       0       0       0       0       0       0       0
      Totals:        15       0       0       0       0       0       0       0       0       0       0       0       0       0       0       0       0
Total ram usage:       15 bytes
 Hardware stack levels used:    1
 Hardware stack levels required when called:    1
 This function calls:
		i1___ftpack
 This function is called by:
		i1_sprintf
 This function uses a non-reentrant model


 *************** function i1___ftpack *****************
 Defined at:
		line 62 in file "C:\Program Files (x86)\Microchip\xc8\v1.45\sources\common\float.c"
 Parameters:    Size  Location     Type
  arg             3    3[COMRAM] unsigned um
  exp             1    6[COMRAM] unsigned char 
  sign            1    7[COMRAM] unsigned char 
 Auto vars:     Size  Location     Type
		None
 Return value:  Size  Location     Type
                  3    3[COMRAM] float 
 Registers used:
		wreg, status,2, status,0
 Tracked objects:
		On entry : 
		On exit  : 
		Unchanged: 
 Data sizes:     COMRAM   BANK0   BANK1   BANK2   BANK3   BANK4   BANK5   BANK6   BANK7   BANK8   BANK9  BANK10  BANK11  BANK12  BANK13  BANK14  BANK15
      Params:         5       0       0       0       0       0       0       0       0       0       0       0       0       0       0       0       0
      Locals:         0       0       0       0       0       0       0       0       0       0       0       0       0       0       0       0       0
      Temps:          3       0       0       0       0       0       0       0       0       0       0       0       0       0       0       0       0
      Totals:         8       0       0       0       0       0       0       0       0       0       0       0       0       0       0       0       0
Total ram usage:        8 bytes
 Hardware stack levels used:    1
 This function calls:
		Nothing
 This function is called by:
		i1___ftadd
		i1___ftdiv
		i1___ftmul
		i1___lltoft
 This function uses a non-reentrant model


 *************** function _Buffer_Escrita_COMM_Add_String *****************
 Defined at:
		line 217 in file "I:/Projetos_Servidor/MIB_Iot_100/MIB_IOT_SW/MIB_IOT.X/Serial.c"
 Parameters:    Size  Location     Type
  dado            2    5[COMRAM] PTR unsigned char 
		 -> STR_107(15), STR_103(15), STR_95(136), STR_94(24), 
		 -> STR_93(44), STR_92(31), STR_91(30), STR_90(19), 
		 -> STR_82(91), STR_76(28), STR_49(12), STR_48(27), 
		 -> STR_39(70), STR_35(8), STR_34(25), STR_30(84), 
		 -> STR_26(31), STR_17(22), STR_16(4), STR_15(12), 
		 -> STR_14(12), append_Arquivo_Json@linhaArquivo(120), STR_9(51), STR_8(12), 
		 -> cria_Arquivo@tamanho(15), STR_6(10), 
  aguarda         2    7[COMRAM] short 
 Auto vars:     Size  Location     Type
  i               2   11[COMRAM] int 
 Return value:  Size  Location     Type
                  2    5[COMRAM] short 
 Registers used:
		wreg, fsr0l, fsr0h, fsr2l, fsr2h, status,2, status,0, tblptrl, tblptrh, tblptru, cstack
 Tracked objects:
		On entry : 
		On exit  : 
		Unchanged: 
 Data sizes:     COMRAM   BANK0   BANK1   BANK2   BANK3   BANK4   BANK5   BANK6   BANK7   BANK8   BANK9  BANK10  BANK11  BANK12  BANK13  BANK14  BANK15
      Params:         4       0       0       0       0       0       0       0       0       0       0       0       0       0       0       0       0
      Locals:         2       0       0       0       0       0       0       0       0       0       0       0       0       0       0       0       0
      Temps:          2       0       0       0       0       0       0       0       0       0       0       0       0       0       0       0       0
      Totals:         8       0       0       0       0       0       0       0       0       0       0       0       0       0       0       0       0
Total ram usage:        8 bytes
 Hardware stack levels used:    1
 Hardware stack levels required when called:    1
 This function calls:
		_Buffer_Escrita_COMM_Add_Char
		i1_TransmiteBuffer_COMM
 This function is called by:
		_cria_Arquivo
		_inicia_Post
		_Post
		_Post2
		_recebe
		_recebeFRAMES
		_GETMACAddr
		_TASK_POST
		_SOCKET_RX
		_GETTask
		_Envia_Post_Content
		_SOCKET_QUERY
 This function uses a non-reentrant model


 *************** function i1_TransmiteBuffer_COMM *****************
 Defined at:
		line 167 in file "I:/Projetos_Servidor/MIB_Iot_100/MIB_IOT_SW/MIB_IOT.X/Serial.c"
 Parameters:    Size  Location     Type
		None
 Auto vars:     Size  Location     Type
		None
 Return value:  Size  Location     Type
                  2    3[COMRAM] int 
 Registers used:
		wreg, fsr2l, fsr2h, status,2, status,0
 Tracked objects:
		On entry : 
		On exit  : 
		Unchanged: 
 Data sizes:     COMRAM   BANK0   BANK1   BANK2   BANK3   BANK4   BANK5   BANK6   BANK7   BANK8   BANK9  BANK10  BANK11  BANK12  BANK13  BANK14  BANK15
      Params:         2       0       0       0       0       0       0       0       0       0       0       0       0       0       0       0       0
      Locals:         0       0       0       0       0       0       0       0       0       0       0       0       0       0       0       0       0
      Temps:          0       0       0       0       0       0       0       0       0       0       0       0       0       0       0       0       0
      Totals:         2       0       0       0       0       0       0       0       0       0       0       0       0       0       0       0       0
Total ram usage:        2 bytes
 Hardware stack levels used:    1
 This function calls:
		Nothing
 This function is called by:
		_Buffer_Escrita_COMM_Add_String
		_SOCKET_RX
 This function uses a non-reentrant model



MODULE INFORMATION

Module		Function		Class		Link	Load	Size
I:/Projetos_Servidor/MIB_Iot_100/MIB_IOT_SW/MIB_IOT.X/Serial.c
		_TransmiteBuffer_COMM		CODE           	7C66	0000	93
		_Recebe_COMM   		CODE           	84FA	0000	7
		_Aguarda       		CODE           	5F8C	0000	277
		_Abre_Porta_COMM		CODE           	7072	0000	175
		_AguardaINT    		CODE           	64C2	0000	259
		_limpa_Buffer_Escrita_USB		CODE           	8198	0000	69
		_Calcula_BaudRate		CODE           	6DA0	0000	185
		_TransmiteBuffer_USB		CODE           	7CC2	0000	93
		_limpa_Buffer_Escrita_COMM		CODE           	81DC	0000	69
		_verificaERRO  		CODE           	7F78	0000	83
		_verificaFimFrame		CODE           	8104	0000	79
		_Buffer_Escrita_USB_Add_Char		CODE           	8298	0000	53
		_Buffer_Leitura_USB_Add_Char		CODE           	8500	0000	3
		_Buffer_Escrita_USB_Add_String		CODE           	6B4A	0000	207
		_Recebe        		CODE           	84F4	0000	7
		_Buffer_Escrita_COMM_Add_Char		CODE           	82FE	0000	51
		_Abre_Porta_1  		CODE           	699A	0000	219
		_Buffer_Escrita_COMM_Add_String		CODE           	6CDC	0000	197

I:/Projetos_Servidor/MIB_Iot_100/MIB_IOT_SW/MIB_IOT.X/Serial.c estimated size: 2126

C:\Program Files (x86)\Microchip\xc8\v1.45\sources\common\ftneg.c
		___ftneg       		CODE           	83C0	0000	45

C:\Program Files (x86)\Microchip\xc8\v1.45\sources\common\ftneg.c estimated size: 45

I:/Projetos_Servidor/MIB_Iot_100/MIB_IOT_SW/MIB_IOT.X/PPS.c
		_unLock_PPS    		CODE           	84AC	0000	25
		_lock_PPS      		CODE           	84C4	0000	25

I:/Projetos_Servidor/MIB_Iot_100/MIB_IOT_SW/MIB_IOT.X/PPS.c estimated size: 50

C:\Program Files (x86)\Microchip\xc8\v1.45\sources\common\ftsub.c
		___ftsub       		CODE           	7E2A	0000	85

C:\Program Files (x86)\Microchip\xc8\v1.45\sources\common\ftsub.c estimated size: 85

C:\Program Files (x86)\Microchip\xc8\v1.45\sources\common\float.c
		___ftpack      		CODE           	6E58	0000	183

C:\Program Files (x86)\Microchip\xc8\v1.45\sources\common\float.c estimated size: 183

C:\Program Files (x86)\Microchip\xc8\v1.45\sources\common\doprnt.c
		_scale         		CODE           	3A16	0000	1297
		_sprintf       		CODE           	00B2	0000	7353
		_fround        		CODE           	4788	0000	773

C:\Program Files (x86)\Microchip\xc8\v1.45\sources\common\doprnt.c estimated size: 9423

C:\Program Files (x86)\Microchip\xc8\v1.45\sources\common\lltoft.c
		___lltoft      		CODE           	7A0A	0000	109

C:\Program Files (x86)\Microchip\xc8\v1.45\sources\common\lltoft.c estimated size: 109

C:\Program Files (x86)\Microchip\xc8\v1.45\sources\common\Umul16.c
		___wmul        		CODE           	8362	0000	49

C:\Program Files (x86)\Microchip\xc8\v1.45\sources\common\Umul16.c estimated size: 49

I:/Projetos_Servidor/MIB_Iot_100/MIB_IOT_SW/MIB_IOT.X/Main.c
		_main          		CODE           	4406	0000	899
		_Interrupt_USB_485		CODE           	83EC	0000	43
		_Interrupt_WIFI_GSM		CODE           	7C08	0000	95

I:/Projetos_Servidor/MIB_Iot_100/MIB_IOT_SW/MIB_IOT.X/Main.c estimated size: 1037

C:\Program Files (x86)\Microchip\xc8\v1.45\sources\common\ftge.c
		___ftge        		CODE           	7272	0000	159

C:\Program Files (x86)\Microchip\xc8\v1.45\sources\common\ftge.c estimated size: 159

C:\Program Files (x86)\Microchip\xc8\v1.45\sources\common\isdigit.c
		_isdigit       		CODE           	8468	0000	37

C:\Program Files (x86)\Microchip\xc8\v1.45\sources\common\isdigit.c estimated size: 37

C:\Program Files (x86)\Microchip\xc8\v1.45\sources\common\ftdivl.c
		__tdiv_to_l_   		CODE           	5AAC	0000	321

C:\Program Files (x86)\Microchip\xc8\v1.45\sources\common\ftdivl.c estimated size: 321

C:\Program Files (x86)\Microchip\xc8\v1.45\sources\common\ftmul.c
		___ftmul       		CODE           	60A0	0000	269

C:\Program Files (x86)\Microchip\xc8\v1.45\sources\common\ftmul.c estimated size: 269

C:\Program Files (x86)\Microchip\xc8\v1.45\sources\common\awmod.c
		___awmod       		CODE           	775A	0000	119

C:\Program Files (x86)\Microchip\xc8\v1.45\sources\common\awmod.c estimated size: 119

C:\Program Files (x86)\Microchip\xc8\v1.45\sources\common\ftdiv.c
		___ftdiv       		CODE           	65C4	0000	255

C:\Program Files (x86)\Microchip\xc8\v1.45\sources\common\ftdiv.c estimated size: 255

C:\Program Files (x86)\Microchip\xc8\v1.45\sources\common\llmod.c
		___llmod       		CODE           	792C	0000	113

C:\Program Files (x86)\Microchip\xc8\v1.45\sources\common\llmod.c estimated size: 113

I:/Projetos_Servidor/MIB_Iot_100/MIB_IOT_SW/MIB_IOT.X/GERREX.c
		_recebeNETWORKID		CODE           	68B2	0000	233
		_SOCKET_RX     		CODE           	7660	0000	129
		_recebeSIZE    		CODE           	7E7E	0000	85
		_Aguarda_dado  		CODE           	7AE0	0000	101
		_recebeFUNCTIONCODE		CODE           	8068	0000	79
		_recebeFRAMES  		CODE           	5616	0000	457
		_recebeFRAMEID 		CODE           	76E0	0000	123
		_GETMACAddr    		CODE           	7F26	0000	83
		_TASK_POST     		CODE           	8220	0000	61
		_SETMACAddr    		CODE           	71CC	0000	167
		_recebeNODEID  		CODE           	80B6	0000	79
		_WIND          		CODE           	7BA6	0000	97
		_recebeADDRESS 		CODE           	801A	0000	79
		_nada          		CODE           	8502	0000	3

I:/Projetos_Servidor/MIB_Iot_100/MIB_IOT_SW/MIB_IOT.X/GERREX.c estimated size: 1776

C:\Program Files (x86)\Microchip\xc8\v1.45\sources\common\fldivl.c
		__div_to_l_    		CODE           	5D2A	0000	307

C:\Program Files (x86)\Microchip\xc8\v1.45\sources\common\fldivl.c estimated size: 307

shared
		i1___ftneg     		CODE           	8416	0000	43
		i1___ftadd     		CODE           	5446	0000	465
		i1___ftdiv     		CODE           	66C2	0000	253
		i1___fttol     		CODE           	63BE	0000	261
		__powers_      		MEDIUMCONST    	FAE7	0000	40
		i1_TransmiteBuffer_USB		CODE           	7D1E	0000	91
		i1___ftge      		CODE           	7310	0000	159
		_dpowers       		MEDIUMCONST    	FABF	0000	41
		i1_isdigit     		CODE           	848C	0000	33
		i1___awdiv     		CODE           	75D8	0000	137
		i1__tdiv_to_l_ 		CODE           	5BEC	0000	319
		i1___ftmul     		CODE           	61AC	0000	267
		i1___wmul      		CODE           	8392	0000	47
		i1__div_to_l_  		CODE           	5E5C	0000	305
		i1___ftpack    		CODE           	6F0E	0000	181
		__npowers_     		MEDIUMCONST    	FB0E	0000	40
		i1_scale       		CODE           	3F26	0000	1249
		i1___lldiv     		CODE           	754E	0000	139
		i1___lltoft    		CODE           	7A76	0000	107
		__initialization		CODE           	67BE	0000	239
		i1_TransmiteBuffer_COMM		CODE           	7D78	0000	91
		i1___ftsub     		CODE           	7ED2	0000	85
		i1_Aguarda_dado		CODE           	7B44	0000	99
		i1_Buffer_Escrita_USB_Add_Char		CODE           	8330	0000	51
		i1___awmod     		CODE           	7846	0000	117
		i1___llmod     		CODE           	799C	0000	111
		_hexpowers     		MEDIUMCONST    	FB35	0000	33
		i1_sprintf     		CODE           	1D6A	0000	7341
		i1_fround      		CODE           	4A8C	0000	743
		i1_Buffer_Escrita_USB_Add_String		CODE           	6C18	0000	197

shared estimated size: 13284

C:\Program Files (x86)\Microchip\xc8\v1.45\sources\common\fttol.c
		___fttol       		CODE           	62B6	0000	265

C:\Program Files (x86)\Microchip\xc8\v1.45\sources\common\fttol.c estimated size: 265

C:\Program Files (x86)\Microchip\xc8\v1.45\sources\common\awtoft.c
		___awtoft      		CODE           	8152	0000	71

C:\Program Files (x86)\Microchip\xc8\v1.45\sources\common\awtoft.c estimated size: 71

C:\Program Files (x86)\Microchip\xc8\v1.45\sources\common\awdiv.c
		___awdiv       		CODE           	74C4	0000	139

C:\Program Files (x86)\Microchip\xc8\v1.45\sources\common\awdiv.c estimated size: 139

I:/Projetos_Servidor/MIB_Iot_100/MIB_IOT_SW/MIB_IOT.X/Conversor_Escalas.c
		_ajusta_escala 		CODE           	4D72	0000	729
		_Verifica_Analogica		CODE           	57DE	0000	369
		_Calcula_Fator_m		CODE           	7120	0000	173
		_Converte_Escala		CODE           	594E	0000	351

I:/Projetos_Servidor/MIB_Iot_100/MIB_IOT_SW/MIB_IOT.X/Conversor_Escalas.c estimated size: 1622

C:\Program Files (x86)\Microchip\xc8\v1.45\sources\common\ftadd.c
		___ftadd       		CODE           	5274	0000	467

C:\Program Files (x86)\Microchip\xc8\v1.45\sources\common\ftadd.c estimated size: 467

C:\Program Files (x86)\Microchip\xc8\v1.45\sources\common\lldiv.c
		___lldiv       		CODE           	73AE	0000	141

C:\Program Files (x86)\Microchip\xc8\v1.45\sources\common\lldiv.c estimated size: 141

C:\Program Files (x86)\Microchip\xc8\v1.45\sources\common\aldiv.c
		___aldiv       		CODE           	6A74	0000	215

C:\Program Files (x86)\Microchip\xc8\v1.45\sources\common\aldiv.c estimated size: 215

C:\Program Files (x86)\Microchip\xc8\v1.45\sources\common\altoft.c
		___altoft      		CODE           	743A	0000	139

C:\Program Files (x86)\Microchip\xc8\v1.45\sources\common\altoft.c estimated size: 139

I:/Projetos_Servidor/MIB_Iot_100/MIB_IOT_SW/MIB_IOT.X/Wifi.c
		_recebe        		CODE           	7FCA	0000	81
		_Post          		CODE           	77D0	0000	119
		_InicializaWifi		CODE           	82CC	0000	51
		_inicia_Post   		CODE           	78BA	0000	115
		_cria_Arquivo  		CODE           	6FC2	0000	177
		_length        		CODE           	7DD2	0000	89
		_Post2         		CODE           	825C	0000	61
		_append_Arquivo_Json		CODE           	504A	0000	555

I:/Projetos_Servidor/MIB_Iot_100/MIB_IOT_SW/MIB_IOT.X/Wifi.c estimated size: 1248

