Microchip MPLAB XC8 Compiler V1.45 ()

Linker command line:

-W-3 --edf=C:\Program Files (x86)\Microchip\xc8\v1.45\dat\en_msgs.txt \
  -pivt0x8=08h -cs -h+dist/default/production\MIB_IOT.X.production.sym \
  --cmf=dist/default/production\MIB_IOT.X.production.cmf -z -Q18F56K42 \
  -oC:\Users\BERNAR~2\AppData\Local\Temp\sjd4.2 \
  -Mdist/default/production/MIB_IOT.X.production.map -E1 -ver=XC8 \
  -ASTACK=0EECh-0fffh -pstack=STACK -ACODE=00h-0FFFFh -ACONST=00h-0FFFFh \
  -ASMALLCONST=01000h-010FFhx240 -AMEDIUMCONST=01000h-0FFFFh \
  -ACOMRAM=01h-05Fh -AABS1=00h-0FFFh -ABIGRAM=01h-0FFFh \
  -ARAM=060h-0FFh,0100h-01FFhx15 -ABANK0=060h-0FFh -ABANK1=0100h-01FFh \
  -ABANK2=0200h-02FFh -ABANK3=0300h-03FFh -ABANK4=0400h-04FFh \
  -ABANK5=0500h-05FFh -ABANK6=0600h-06FFh -ABANK7=0700h-07FFh \
  -ABANK8=0800h-08FFh -ABANK9=0900h-09FFh -ABANK10=0A00h-0AFFh \
  -ABANK11=0B00h-0BFFh -ABANK12=0C00h-0CFFh -ABANK13=0D00h-0DFFh \
  -ABANK14=0E00h-0EFFh -ABANK15=0F00h-0FFFh \
  -ASFR=03800h-038FFhx7,03F00h-03F5Fh,03F60h-03FFFh -preset_vec=00h \
  -ppowerup=CODE,init -pramtop=01000h -psmallconst=SMALLCONST \
  -pmediumconst=MEDIUMCONST -pconst=CONST -AFARRAM=00h-00h \
  -ACONFIG=0300000h-0300009h -pconfig=CONFIG -AIDLOC=0200000h-020000Fh \
  -pidloc=IDLOC -AEEDATA=0310000h-03103FFh -peeprom_data=EEDATA \
  -prdata=COMRAM,nvrram=COMRAM,nvbit=COMRAM,rbss=COMRAM,rbit=COMRAM \
  -pfarbss=FARRAM,fardata=FARRAM,nvFARRAM=FARRAM \
  -pintsave_regs=BIGRAM,bigbss=BIGRAM,bigdata=BIGRAM -pbss=RAM \
  -pidata=CODE,irdata=CODE,ibigdata=CODE,ifardata=CODE -prparam=COMRAM \
  C:\Users\BERNAR~2\AppData\Local\Temp\sjd4.obj \
  dist/default/production\MIB_IOT.X.production.obj 

Object code version is 3.11

Machine type is 18F56K42

Call graph: (short form)




                Name                               Link     Load   Length Selector   Space Scale
C:\Users\BERNAR~2\AppData\Local\Temp\sjd4.obj
                init                                 AE       AE        4        4       0
                reset_vec                             0        0        4        0       0
                idloc                            200000   200000       10   200000       0
                config                           300000   300000        A   300000       0
dist/default/production\MIB_IOT.X.production.obj
                mediumconst                        FAD8     FAD8      528     7D6C       0
                ivt0x8                                8        8       A6        4       0
                text102                            7476     7476       B4        4       0
                text101                            6AD8     6AD8       FC        4       0
                text100                            77CA     77CA       9E        4       0
                text99                             8A06     8A06       2A     2277       0
                text98                             575C     575C      1D0        4       0
                text97                             84DA     84DA       54     206D       0
                text96                             68D6     68D6      104        4       0
                text95                             7A08     7A08       8A        4       0
                text94                             7EE0     7EE0       6E        4       0
                text93                             7FBA     7FBA       6A        4       0
                text92                             6272     6272      130        4       0
                text91                             5ECA     5ECA      13E        4       0
                text90                             7A92     7A92       88        4       0
                text89                             7DFC     7DFC       74        4       0
                text88                             65C0     65C0      10A        4       0
                text87                             8980     8980       2E     206D       0
                text86                             4AC0     4AC0      2E6        4       0
                text85                             8A54     8A54       20     2277       0
                text84                             3F26     3F26      4E0        4       0
                text83                             1D6A     1D6A     1CAC        4       0
                text82                             80F0     80F0       62        4       0
                text81                             8380     8380       5A     206D       0
                text80                             70CC     70CC       C4        4       0
                text79                             891E     891E       32     206D       0
                text78                             8326     8326       5A     206D       0
                text77                             7008     7008       C4        4       0
                text76                             8796     8796       44     206D       0
                text75                             8752     8752       44     206D       0
                text74                             83DA     83DA       58     206D       0
                text73                             752A     752A       B0        4       0
                text72                             530A     530A      280        4       0
                text71                             7C1A     7C1A       7C        4       0
                text70                             8580     8580       52     206D       0
                text69                             852E     852E       52     206D       0
                text68                             63A2     63A2      112        4       0
                text67                             592C     592C      184        4       0
                text66                             8024     8024       68        4       0
                text65                             7D86     7D86       76        4       0
                text64                             8AF2     8AF2        2     4572       0
                text63                             8816     8816       3C     206D       0
                text62                             85D2     85D2       50     206D       0
                text61                             7C96     7C96       7A        4       0
                text60                             6BD4     6BD4       E8        4       0
                text59                             86BE     86BE       4E     206D       0
                text58                             8670     8670       4E     206D       0
                text57                             8622     8622       4E     206D       0
                text56                             8486     8486       54     206D       0
                text55                             8152     8152       60        4       0
                text54                             7B9A     7B9A       80        4       0
                text53                             7688     7688       A4        4       0
                text52                             87DA     87DA       3C     206D       0
                text51                             67D2     67D2      104        4       0
                text50                             8AEA     8AEA        6     4572       0
                text49                             81B4     81B4       5E     206D       0
                text48                             8AF0     8AF0        2     4572       0
                text47                             8AE4     8AE4        6     4572       0
                text46                             88EC     88EC       32     206D       0
                text45                             89DC     89DC       2A     2277       0
                text44                             6D96     6D96       D6        4       0
                text43                             7308     7308       B8        4       0
                text42                             8A8C     8A8C       18     2277       0
                text41                             8A74     8A74       18     2277       0
                text40                             6CBC     6CBC       DA        4       0
                text39                             75DA     75DA       AE        4       0
                text38                             88BA     88BA       32     206D       0
                text37                             8886     8886       34     206D       0
                text36                             82CA     82CA       5C     206D       0
                text35                             6F3A     6F3A       CE        4       0
                text34                             73C0     73C0       B6        4       0
                text33                             797E     797E       8A        4       0
                text32                             870C     870C       46     206D       0
                text31                             558A     558A      1D2        4       0
                text30                             64B4     64B4      10C        4       0
                text29                             66CA     66CA      108        4       0
                text28                             5C30     5C30      15A        4       0
                text27                             69DA     69DA       FE        4       0
                text26                             724C     724C       BC        4       0
                text25                             4DA6     4DA6      2E2        4       0
                text24                             772C     772C       9E        4       0
                text23                             89AE     89AE       2C     206D       0
                text22                             8432     8432       54     206D       0
                text21                             7868     7868       8C        4       0
                text20                             7E70     7E70       70        4       0
                text19                             7F4E     7F4E       6C        4       0
                text18                             6140     6140      132        4       0
                text17                             5D8A     5D8A      140        4       0
                text16                             78F4     78F4       8A        4       0
                text15                             7D10     7D10       76        4       0
                text14                             8950     8950       30     206D       0
                text13                             47BC     47BC      304        4       0
                text12                             8A30     8A30       24     2277       0
                text11                             3A16     3A16      510        4       0
                text10                               B2       B2     1CB8        4       0
                text9                              5AB0     5AB0      180        4       0
                text8                              808C     808C       64        4       0
                text7                              8852     8852       34     206D       0
                text6                              826E     826E       5C     206D       0
                text5                              6E6C     6E6C       CE        4       0
                text4                              8212     8212       5C     206D       0
                text3                              7190     7190       BC        4       0
                text2                              5088     5088      282        4       0
                text1                              7B1A     7B1A       80        4       0
                text0                              4406     4406      3B6        4       0
                cstackCOMRAM                          1        1       59        1       1
                cstackBANK0                          60       60       68       60       1
                cstackBANK1                         100      100       CD      100       1
                cstackBANK2                         200      200       94      200       1
                cstackBANK3                         3DA      3DA       18      300       1
                bssBIGRAM                           A96      A96      456      A96       1
                bssBANK10                           A00      A00       96      A00       1
                bssBANK9                            900      900       96      900       1
                bssBANK8                            800      800       78      800       1
                bssBANK7                            700      700       96      700       1
                bssBANK6                            600      600       96      600       1
                bssBANK5                            500      500       DC      500       1
                bssBANK4                            400      400       F0      400       1
                dataBANK3                           3F2      3F2        E      300       1
                bssBANK3                            300      300       DA      300       1
                dataBANK2                           2F5      2F5        9      200       1
                bssBANK2                            294      294       61      200       1
                dataBANK1                           1CD      1CD       12      100       1
                bssBANK1                            1DF      1DF        E      100       1
                dataBANK0                            E8       E8       16       60       1
                bssBANK0                             C8       C8       20       60       1
                bssCOMRAM                            5A       5A        3        1       1
                cinit                              6008     6008      138        4       0
                nvBANK2                             2FE      2FE        2      200       1
                idataBANK3                         8ACC     8ACC        E     2277       0
                idataBANK2                         8ADA     8ADA        9     2277       0
                idataBANK1                         8ABA     8ABA       12     2277       0
                idataBANK0                         8AA4     8AA4       16     2277       0

TOTAL           Name                               Link     Load   Length     Space
        CLASS   STACK          

        CLASS   CODE           
                init                                 AE       AE        4         0
                reset_vec                             0        0        4         0
                ivt0x8                                8        8       A6         0
                text102                            7476     7476       B4         0
                text101                            6AD8     6AD8       FC         0
                text100                            77CA     77CA       9E         0
                text99                             8A06     8A06       2A         0
                text98                             575C     575C      1D0         0
                text97                             84DA     84DA       54         0
                text96                             68D6     68D6      104         0
                text95                             7A08     7A08       8A         0
                text94                             7EE0     7EE0       6E         0
                text93                             7FBA     7FBA       6A         0
                text92                             6272     6272      130         0
                text91                             5ECA     5ECA      13E         0
                text90                             7A92     7A92       88         0
                text89                             7DFC     7DFC       74         0
                text88                             65C0     65C0      10A         0
                text87                             8980     8980       2E         0
                text86                             4AC0     4AC0      2E6         0
                text85                             8A54     8A54       20         0
                text84                             3F26     3F26      4E0         0
                text83                             1D6A     1D6A     1CAC         0
                text82                             80F0     80F0       62         0
                text81                             8380     8380       5A         0
                text80                             70CC     70CC       C4         0
                text79                             891E     891E       32         0
                text78                             8326     8326       5A         0
                text77                             7008     7008       C4         0
                text76                             8796     8796       44         0
                text75                             8752     8752       44         0
                text74                             83DA     83DA       58         0
                text73                             752A     752A       B0         0
                text72                             530A     530A      280         0
                text71                             7C1A     7C1A       7C         0
                text70                             8580     8580       52         0
                text69                             852E     852E       52         0
                text68                             63A2     63A2      112         0
                text67                             592C     592C      184         0
                text66                             8024     8024       68         0
                text65                             7D86     7D86       76         0
                text64                             8AF2     8AF2        2         0
                text63                             8816     8816       3C         0
                text62                             85D2     85D2       50         0
                text61                             7C96     7C96       7A         0
                text60                             6BD4     6BD4       E8         0
                text59                             86BE     86BE       4E         0
                text58                             8670     8670       4E         0
                text57                             8622     8622       4E         0
                text56                             8486     8486       54         0
                text55                             8152     8152       60         0
                text54                             7B9A     7B9A       80         0
                text53                             7688     7688       A4         0
                text52                             87DA     87DA       3C         0
                text51                             67D2     67D2      104         0
                text50                             8AEA     8AEA        6         0
                text49                             81B4     81B4       5E         0
                text48                             8AF0     8AF0        2         0
                text47                             8AE4     8AE4        6         0
                text46                             88EC     88EC       32         0
                text45                             89DC     89DC       2A         0
                text44                             6D96     6D96       D6         0
                text43                             7308     7308       B8         0
                text42                             8A8C     8A8C       18         0
                text41                             8A74     8A74       18         0
                text40                             6CBC     6CBC       DA         0
                text39                             75DA     75DA       AE         0
                text38                             88BA     88BA       32         0
                text37                             8886     8886       34         0
                text36                             82CA     82CA       5C         0
                text35                             6F3A     6F3A       CE         0
                text34                             73C0     73C0       B6         0
                text33                             797E     797E       8A         0
                text32                             870C     870C       46         0
                text31                             558A     558A      1D2         0
                text30                             64B4     64B4      10C         0
                text29                             66CA     66CA      108         0
                text28                             5C30     5C30      15A         0
                text27                             69DA     69DA       FE         0
                text26                             724C     724C       BC         0
                text25                             4DA6     4DA6      2E2         0
                text24                             772C     772C       9E         0
                text23                             89AE     89AE       2C         0
                text22                             8432     8432       54         0
                text21                             7868     7868       8C         0
                text20                             7E70     7E70       70         0
                text19                             7F4E     7F4E       6C         0
                text18                             6140     6140      132         0
                text17                             5D8A     5D8A      140         0
                text16                             78F4     78F4       8A         0
                text15                             7D10     7D10       76         0
                text14                             8950     8950       30         0
                text13                             47BC     47BC      304         0
                text12                             8A30     8A30       24         0
                text11                             3A16     3A16      510         0
                text10                               B2       B2     1CB8         0
                text9                              5AB0     5AB0      180         0
                text8                              808C     808C       64         0
                text7                              8852     8852       34         0
                text6                              826E     826E       5C         0
                text5                              6E6C     6E6C       CE         0
                text4                              8212     8212       5C         0
                text3                              7190     7190       BC         0
                text2                              5088     5088      282         0
                text1                              7B1A     7B1A       80         0
                text0                              4406     4406      3B6         0
                cinit                              6008     6008      138         0
                idataBANK3                         8ACC     8ACC        E         0
                idataBANK2                         8ADA     8ADA        9         0
                idataBANK1                         8ABA     8ABA       12         0
                idataBANK0                         8AA4     8AA4       16         0

        CLASS   CONST          

        CLASS   SMALLCONST     

        CLASS   MEDIUMCONST    
                mediumconst                        FAD8     FAD8      528         0

        CLASS   COMRAM         
                cstackCOMRAM                          1        1       59         1
                bssCOMRAM                            5A       5A        3         1

        CLASS   ABS1           

        CLASS   BIGRAM         
                bssBIGRAM                           A96      A96      456         1

        CLASS   RAM            

        CLASS   BANK0          
                cstackBANK0                          60       60       68         1
                dataBANK0                            E8       E8       16         1
                bssBANK0                             C8       C8       20         1

        CLASS   BANK1          
                cstackBANK1                         100      100       CD         1
                dataBANK1                           1CD      1CD       12         1
                bssBANK1                            1DF      1DF        E         1

        CLASS   BANK2          
                cstackBANK2                         200      200       94         1
                dataBANK2                           2F5      2F5        9         1
                bssBANK2                            294      294       61         1
                nvBANK2                             2FE      2FE        2         1

        CLASS   BANK3          
                cstackBANK3                         3DA      3DA       18         1
                dataBANK3                           3F2      3F2        E         1
                bssBANK3                            300      300       DA         1

        CLASS   BANK4          
                bssBANK4                            400      400       F0         1

        CLASS   BANK5          
                bssBANK5                            500      500       DC         1

        CLASS   BANK6          
                bssBANK6                            600      600       96         1

        CLASS   BANK7          
                bssBANK7                            700      700       96         1

        CLASS   BANK8          
                bssBANK8                            800      800       78         1

        CLASS   BANK9          
                bssBANK9                            900      900       96         1

        CLASS   BANK10         
                bssBANK10                           A00      A00       96         1

        CLASS   BANK11         

        CLASS   BANK12         

        CLASS   BANK13         

        CLASS   BANK14         

        CLASS   BANK15         

        CLASS   SFR            

        CLASS   FARRAM         

        CLASS   CONFIG         
                config                           300000   300000        A         0

        CLASS   IDLOC          
                idloc                            200000   200000       10         0

        CLASS   EEDATA         



SEGMENTS        Name                           Load    Length   Top    Selector   Space  Class

                reset_vec                      000000  000004  000004         0       0  CODE    
                cstackCOMRAM                   000001  00005C  00005D         1       1  COMRAM  
                ivt0x8                         000008  0081AA  0081B2         4       0  CODE    
                cstackBANK0                    000060  00009E  0000FE        60       1  BANK0   
                cstackBANK1                    000100  0000ED  0001ED       100       1  BANK1   
                cstackBANK2                    000200  000100  000300       200       1  BANK2   
                bssBANK3                       000300  000100  000400       300       1  BANK3   
                bssBANK4                       000400  0000F0  0004F0       400       1  BANK4   
                bssBANK5                       000500  0000DC  0005DC       500       1  BANK5   
                bssBANK6                       000600  000096  000696       600       1  BANK6   
                bssBANK7                       000700  000096  000796       700       1  BANK7   
                bssBANK8                       000800  000078  000878       800       1  BANK8   
                bssBANK9                       000900  000096  000996       900       1  BANK9   
                bssBANK10                      000A00  000096  000A96       A00       1  BANK10  
                bssBIGRAM                      000A96  000456  000EEC       A96       1  BIGRAM  
                text49                         0081B4  000826  0089DA      206D       0  CODE    
                text45                         0089DC  000107  008AE3      2277       0  CODE    
                text47                         008AE4  000010  008AF4      4572       0  CODE    
                mediumconst                    00FAD8  000528  010000      7D6C       0  MEDIUMCO
                idloc                          200000  000010  200010    200000       0  IDLOC   
                config                         300000  00000A  30000A    300000       0  CONFIG  


UNUSED ADDRESS RANGES

        Name                Unused          Largest block    Delta
        BANK0            0000FE-0000FF                2
        BANK1            0001ED-0001FF               13
        BANK14           000EEC-000EFF               14
        BANK15           000F00-000FFF              100
        BANK4            0004F0-0004FF               10
        BANK5            0005DC-0005FF               24
        BANK6            000696-0006FF               6A
        BANK7            000796-0007FF               6A
        BANK8            000878-0008FF               88
        BANK9            000996-0009FF               6A
        BIGRAM           00005D-00005F                3
                         0000FE-0000FF                2
                         0001ED-0001FF               13
                         0004F0-0004FF               10
                         0005DC-0005FF               24
                         000696-0006FF               6A
                         000796-0007FF               6A
                         000878-0008FF               88
                         000996-0009FF               6A
                         000EEC-000FFF              114
        CODE             000004-000007                4
                         0081B2-0081B3                2
                         0089DA-0089DB                2
                         008AE3-008AE3                1
                         008AF4-00FAD7             6FE4
        COMRAM           00005D-00005F                3
        CONST            000004-000007                4
                         0081B2-0081B3                2
                         0089DA-0089DB                2
                         008AE3-008AE3                1
                         008AF4-00FAD7             6FE4
        EEDATA           310000-3103FF              400
        MEDIUMCONST      0081B2-0081B3                2
                         0089DA-0089DB                2
                         008AE3-008AE3                1
                         008AF4-00FAD7             6FE4
        RAM              0000FE-0000FF                2
                         0001ED-0001FF               13
                         0004F0-0004FF               10
                         0005DC-0005FF               24
                         000696-0006FF               6A
                         000796-0007FF               6A
                         000878-0008FF               88
                         000996-0009FF               6A
                         000EEC-000FFF               14
        SFR              003800-003FFF              100
        SMALLCONST       0081B2-0081B3                2
                         0089DA-0089DB                2
                         008AE3-008AE3                1
                         008AF4-00FAD7              100
        STACK            000EEC-000FFF              114

                                  Symbol Table

?_Aguarda                                  cstackCOMRAM 00000C
?_Calcula_BaudRate                         cstackBANK1  000113
?_TransmiteBuffer_COMM                     cstackBANK1  000105
?_TransmiteBuffer_USB                      cstackBANK1  000105
?___aldiv                                  cstackBANK1  000105
?___altoft                                 cstackBANK1  000143
?___awdiv                                  cstackBANK1  00010B
?___awmod                                  cstackBANK1  000105
?___awtoft                                 cstackBANK1  00010D
?___ftadd                                  cstackBANK1  00014D
?___ftdiv                                  cstackBANK1  00014A
?___ftmul                                  cstackBANK1  000134
?___ftneg                                  cstackBANK1  000131
?___ftpack                                 cstackBANK1  000105
?___ftsub                                  cstackBANK1  000159
?___fttol                                  cstackBANK1  000119
?___lldiv                                  cstackBANK1  000105
?___llmod                                  cstackBANK1  000112
?___lltoft                                 cstackBANK1  000128
?___wmul                                   cstackBANK1  000113
?__div_to_l_                               cstackBANK1  000105
?__tdiv_to_l_                              cstackBANK1  000105
?_fround                                   cstackBANK1  000143
?_length                                   cstackBANK1  000105
?_scale                                    cstackBANK1  000143
?_sprintf                                  cstackBANK1  000162
?i1_TransmiteBuffer_COMM                   cstackCOMRAM 000004
?i1_TransmiteBuffer_USB                    cstackCOMRAM 000004
?i1___awdiv                                cstackCOMRAM 00000A
?i1___awmod                                cstackCOMRAM 000004
?i1___ftadd                                cstackCOMRAM 00004C
?i1___ftdiv                                cstackCOMRAM 000049
?i1___ftmul                                cstackCOMRAM 000033
?i1___ftneg                                cstackCOMRAM 000030
?i1___ftpack                               cstackCOMRAM 000004
?i1___ftsub                                cstackBANK0  000060
?i1___fttol                                cstackCOMRAM 000018
?i1___lldiv                                cstackCOMRAM 000004
?i1___llmod                                cstackCOMRAM 000011
?i1___lltoft                               cstackCOMRAM 000027
?i1___wmul                                 cstackCOMRAM 000012
?i1__div_to_l_                             cstackCOMRAM 000004
?i1__tdiv_to_l_                            cstackCOMRAM 000004
?i1_fround                                 cstackCOMRAM 000042
?i1_length                                 cstackCOMRAM 000004
?i1_scale                                  cstackCOMRAM 000042
?i1_sprintf                                cstackBANK0  000069
Abre_Porta_1@BaudRate                      cstackBANK1  00011D
Abre_Porta_1@PORTA                         cstackBANK1  00011B
Abre_Porta_1@baud                          cstackBANK1  000121
Abre_Porta_COMM@BaudRate                   cstackBANK1  00011B
Abre_Porta_COMM@baud                       cstackBANK1  00011F
Aguarda@dado                               cstackCOMRAM 000010
AguardaINT@dado                            cstackBANK0  0000C6
Aguarda_dado@error                         cstackBANK1  0001B3
Aguarda_dado@ff                            cstackBANK1  0001B5
Aguarda_dado@fim                           cstackBANK1  0001B1
Aguarda_dado@inicio                        cstackBANK1  0001AF
Buffer_Escrita_COMM_Add_Char@dado          cstackBANK1  000105
Buffer_Escrita_COMM_Add_String@aguarda     cstackBANK1  000109
Buffer_Escrita_COMM_Add_String@dado        cstackBANK1  000107
Buffer_Escrita_COMM_Add_String@i           cstackBANK1  00010D
Buffer_Escrita_USB_Add_Char@dado           cstackBANK1  000105
Buffer_Escrita_USB_Add_String@aguarda      cstackBANK1  000109
Buffer_Escrita_USB_Add_String@dado         cstackBANK1  000107
Buffer_Escrita_USB_Add_String@i            cstackBANK1  00010D
Calcula_BaudRate@BaudRate                  cstackBANK1  000113
Calcula_BaudRate@baud                      cstackBANK1  000117
Calcula_Fator_m@mX                         cstackBANK1  00015B
Calcula_Fator_m@mY                         cstackBANK1  00015E
IVTBASEH                                   (abs)        003FD6
IVTBASEL                                   (abs)        003FD5
IVTBASEU                                   (abs)        003FD7
Interrupt_USB_485@lido                     cstackCOMRAM 000003
Interrupt_WIFI_GSM@lido                    cstackBANK0  0000C7
SETMACAddr@i                               cstackCOMRAM 00000E
SOCKET_RX@i                                cstackCOMRAM 000058
Verifica_Analogica@valoradstr              cstackBANK1  0001B3
_ADACQH                                    (abs)        003EF4
_ADACQL                                    (abs)        003EF3
_ADCAP                                     (abs)        003EF5
_ADCLKbits                                 (abs)        003EFF
_ADCON0bits                                (abs)        003EF8
_ADPCH                                     (abs)        003EF1
_ADPREH                                    (abs)        003EF7
_ADPREL                                    (abs)        003EF6
_ADREFbits                                 (abs)        003EFD
_ADRESH                                    (abs)        003EF0
_ADRESL                                    (abs)        003EEF
_ANSELAbits                                (abs)        003A40
_ANSELBbits                                (abs)        003A50
_ANSELCbits                                (abs)        003A60
_ANSELDbits                                (abs)        003A70
_ANSELEbits                                (abs)        003A80
_Abre_Porta_1                              text40       006CBC
_Abre_Porta_COMM                           text39       0075DA
_Aguarda                                   text68       0063A2
_AguardaFrames                             bssBANK2     0002F3
_AguardaINT                                text51       0067D2
_Aguarda_End_Ponteiro                      bssBANK0     0000E1
_Aguarda_Funcao                            bssBANK2     0002F1
_Aguarda_Ponteiro                          bssBANK0     0000E3
_Aguarda_Resposta                          bssBANK3     000300
_Aguarda_dado                              text8        00808C
_Aguarda_end                               bssBANK3     0003D0
_Aguarda_end_frame                         bssBANK3     000396
_Aguarda_error                             bssBANK3     0003A0
_Aguarda_str                               bssBANK3     0003AA
_Aguarda_str_OK                            bssBANK0     0000DF
_BORCONbits                                (abs)        0039D0
_Buffer_Escrita_COMM_Add_Char              text7        008852
_Buffer_Escrita_COMM_Add_String            text5        006E6C
_Buffer_Escrita_USB_Add_Char               text37       008886
_Buffer_Escrita_USB_Add_String             text35       006F3A
_Buffer_Leitura_USB_Add_Char               text48       008AF0
_Calcula_BaudRate                          text43       007308
_Calcula_Fator_m                           text26       00724C
_Converte_Escala                           text28       005C30
_EstadoInterno                             bssBANK2     0002E3
_FVRCONbits                                (abs)        003EC1
_GETMACAddr                                text66       008024
_HighCRC                                   bssCOMRAM    00005C
_INTCON0bits                               (abs)        003FD2
_InicializaWifi                            text38       0088BA
_Interrupt_USB_485                         text45       0089DC
_Interrupt_WIFI_GSM                        text49       0081B4
_LATAbits                                  (abs)        003FBA
_LATDbits                                  (abs)        003FBD
_LATEbits                                  (abs)        003FBE
_LATFbits                                  (abs)        003FBF
_LowCRC                                    bssBANK0     0000E5
_MACAddress                                bssBANK3     0003BE
_MEMORIA                                   bssBANK2     000294
_Max_Entrada                               bssBANK0     0000CF
_Max_Entrada1                              dataBANK1    0001DD
_Max_Entrada10                             dataBANK0    0000E8
_Max_Entrada2                              dataBANK1    0001DB
_Max_Entrada3                              dataBANK1    0001D9
_Max_Entrada4                              dataBANK1    0001D7
_Max_Entrada5                              dataBANK1    0001D5
_Max_Entrada6                              dataBANK1    0001D3
_Max_Entrada7                              dataBANK1    0001D1
_Max_Entrada8                              dataBANK1    0001CF
_Max_Entrada9                              dataBANK1    0001CD
_Max_Saida                                 bssBANK0     0000D1
_Max_Saida1                                dataBANK0    0000FC
_Max_Saida10                               dataBANK2    0002FC
_Max_Saida2                                dataBANK0    0000F8
_Max_Saida3                                dataBANK0    0000F6
_Max_Saida4                                dataBANK0    0000F4
_Max_Saida5                                dataBANK0    0000F2
_Max_Saida6                                dataBANK0    0000F0
_Max_Saida7                                dataBANK0    0000EE
_Max_Saida8                                dataBANK0    0000EC
_Max_Saida9                                dataBANK0    0000EA
_Min_Entrada                               bssBANK2     0002D7
_Min_Entrada1                              dataBANK0    0000FA
_Min_Saida                                 bssBANK2     0002D9
_Min_Saida1                                bssBANK2     0002DB
_PCON0                                     (abs)        003FF0
_PCON1                                     (abs)        003FF1
_PIE3bits                                  (abs)        003993
_PIE6bits                                  (abs)        003996
_PORTAbits                                 (abs)        003FCA
_PORTBbits                                 (abs)        003FCB
_PORTEbits                                 (abs)        003FCE
_PPSLOCK                                   (abs)        003ABF
_Ponteiro_ERRO                             bssBANK0     0000DD
_Ponteiro_FIM                              bssBANK0     0000DB
_Post                                      text65       007D86
_Post2                                     text63       008816
_Postando                                  nvBANK2      0002FE
_RB1PPS                                    (abs)        003A09
_RC0PPS                                    (abs)        003A10
_RC5PPS                                    (abs)        003A15
_Recebe                                    text47       008AE4
_Recebe_COMM                               text50       008AEA
_RecebendoFrames                           bssBANK2     0002E5
_Registros                                 bssBANK3     000364
_SELECIONA                                 bssBANK2     0002CF
_SETMACAddr                                text53       007688
_SOCKET_RX                                 text54       007B9A
_TASK_POST                                 text52       0087DA
_TRISAbits                                 (abs)        003FC2
_TRISBbits                                 (abs)        003FC3
_TRISCbits                                 (abs)        003FC4
_TRISDbits                                 (abs)        003FC5
_TRISEbits                                 (abs)        003FC6
_TRISFbits                                 (abs)        003FC7
_TimeOut_Threshold                         bssBANK2     0002DD
_TimeoutCount                              bssBANK2     0002DF
_TransmiteBuffer_COMM                      text6        00826E
_TransmiteBuffer_USB                       text36       0082CA
_U1BRGH                                    (abs)        003DF6
_U1BRGL                                    (abs)        003DF5
_U1CON0bits                                (abs)        003DF2
_U1CON1bits                                (abs)        003DF3
_U1ERRIRbits                               (abs)        003DF9
_U1RXB                                     (abs)        003DE8
_U1RXIF                                    (abs)        01CD1B
_U1RXPPS                                   (abs)        003AE5
_U1TXB                                     (abs)        003DEA
_U2BRGH                                    (abs)        003DDE
_U2BRGL                                    (abs)        003DDD
_U2CON0bits                                (abs)        003DDA
_U2CON1bits                                (abs)        003DDB
_U2ERRIRbits                               (abs)        003DE1
_U2RXB                                     (abs)        003DD0
_U2RXIF                                    (abs)        01CD32
_U2RXPPS                                   (abs)        003AE8
_U2TXB                                     (abs)        003DD2
_Verifica_Analogica                        text9        005AB0
_WDTCON0bits                               (abs)        00395B
_WIND                                      text55       008152
__CFG_BBEN$OFF                             (abs)        000000
__CFG_BBSIZE$BBSIZE_512                    (abs)        000000
__CFG_BOREN$SBORDIS                        (abs)        000000
__CFG_BORV$VBOR_2P45                       (abs)        000000
__CFG_CLKOUTEN$OFF                         (abs)        000000
__CFG_CP$OFF                               (abs)        000000
__CFG_CSWEN$ON                             (abs)        000000
__CFG_DEBUG$OFF                            (abs)        000000
__CFG_FCMEN$OFF                            (abs)        000000
__CFG_FEXTOSC$HS                           (abs)        000000
__CFG_IVT1WAY$ON                           (abs)        000000
__CFG_LPBOREN$OFF                          (abs)        000000
__CFG_LVP$ON                               (abs)        000000
__CFG_MCLRE$EXTMCLR                        (abs)        000000
__CFG_MVECEN$ON                            (abs)        000000
__CFG_PPS1WAY$ON                           (abs)        000000
__CFG_PR1WAY$ON                            (abs)        000000
__CFG_PWRTS$PWRT_OFF                       (abs)        000000
__CFG_RSTOSC$EXTOSC_4PLL                   (abs)        000000
__CFG_SAFEN$OFF                            (abs)        000000
__CFG_STVREN$ON                            (abs)        000000
__CFG_WDTCCS$SC                            (abs)        000000
__CFG_WDTCPS$WDTCPS_31                     (abs)        000000
__CFG_WDTCWS$WDTCWS_7                      (abs)        000000
__CFG_WDTE$ON                              (abs)        000000
__CFG_WRTAPP$OFF                           (abs)        000000
__CFG_WRTB$OFF                             (abs)        000000
__CFG_WRTC$OFF                             (abs)        000000
__CFG_WRTD$OFF                             (abs)        000000
__CFG_WRTSAF$OFF                           (abs)        000000
__CFG_XINST$OFF                            (abs)        000000
__CFG_ZCD$OFF                              (abs)        000000
__HRAM                                     (abs)        000000
__Habs1                                    abs1         000000
__Hbank0                                   bank0        000000
__Hbank1                                   bank1        000000
__Hbank10                                  bank10       000000
__Hbank11                                  bank11       000000
__Hbank12                                  bank12       000000
__Hbank13                                  bank13       000000
__Hbank14                                  bank14       000000
__Hbank15                                  bank15       000000
__Hbank2                                   bank2        000000
__Hbank3                                   bank3        000000
__Hbank4                                   bank4        000000
__Hbank5                                   bank5        000000
__Hbank6                                   bank6        000000
__Hbank7                                   bank7        000000
__Hbank8                                   bank8        000000
__Hbank9                                   bank9        000000
__Hbigbss                                  bigbss       000000
__Hbigdata                                 bigdata      000000
__Hbigram                                  bigram       000000
__Hbss                                     bss          000000
__HbssBANK0                                bssBANK0     000000
__HbssBANK1                                bssBANK1     000000
__HbssBANK10                               bssBANK10    000000
__HbssBANK2                                bssBANK2     000000
__HbssBANK3                                bssBANK3     000000
__HbssBANK4                                bssBANK4     000000
__HbssBANK5                                bssBANK5     000000
__HbssBANK6                                bssBANK6     000000
__HbssBANK7                                bssBANK7     000000
__HbssBANK8                                bssBANK8     000000
__HbssBANK9                                bssBANK9     000000
__HbssBIGRAM                               bssBIGRAM    000000
__HbssCOMRAM                               bssCOMRAM    000000
__Hcinit                                   cinit        000000
__Hclrtext                                 clrtext      000000
__Hcomram                                  comram       000000
__Hconfig                                  config       30000A
__Hconst                                   const        000000
__HcstackBANK0                             cstackBANK0  000000
__HcstackBANK1                             cstackBANK1  000000
__HcstackBANK2                             cstackBANK2  000000
__HcstackBANK3                             cstackBANK3  000000
__HcstackCOMRAM                            cstackCOMRAM 000000
__Hdata                                    data         000000
__HdataBANK0                               dataBANK0    000000
__HdataBANK1                               dataBANK1    000000
__HdataBANK2                               dataBANK2    000000
__HdataBANK3                               dataBANK3    000000
__Heeprom_data                             eeprom_data  000000
__Hfarbss                                  farbss       000000
__Hfardata                                 fardata      000000
__Hibigdata                                ibigdata     000000
__Hidata                                   idata        000000
__HidataBANK0                              idataBANK0   000000
__HidataBANK1                              idataBANK1   000000
__HidataBANK2                              idataBANK2   000000
__HidataBANK3                              idataBANK3   000000
__Hidloc                                   idloc        200010
__Hifardata                                ifardata     000000
__Hinit                                    init         0000B2
__Hintsave_regs                            intsave_regs 000000
__Hirdata                                  irdata       000000
__Hivt0x8                                  ivt0x8       0000AE
__Hmediumconst                             mediumconst  010000
__HnvBANK2                                 nvBANK2      000000
__HnvFARRAM                                nvFARRAM     000000
__Hnvbit                                   nvbit        000000
__Hnvrram                                  nvrram       000000
__Hparam                                   rparam       000000
__Hpowerup                                 powerup      000000
__Hram                                     ram          000000
__Hramtop                                  ramtop       001000
__Hrbit                                    rbit         000000
__Hrbss                                    rbss         000000
__Hrdata                                   rdata        000000
__Hreset_vec                               reset_vec    000004
__Hrparam                                  rparam       000000
__Hsfr                                     sfr          000000
__Hsmallconst                              smallconst   000000
__Hspace_0                                 (abs)        30000A
__Hspace_1                                 (abs)        000EEC
__Hspace_2                                 (abs)        000000
__Hstack                                   stack        000000
__Hstruct                                  struct       000000
__Htemp                                    temp         000000
__Htext                                    text         000000
__Htext0                                   text0        000000
__Htext1                                   text1        000000
__Htext10                                  text10       000000
__Htext100                                 text100      000000
__Htext101                                 text101      000000
__Htext102                                 text102      000000
__Htext103                                 text103      000000
__Htext11                                  text11       000000
__Htext12                                  text12       000000
__Htext13                                  text13       000000
__Htext14                                  text14       000000
__Htext15                                  text15       000000
__Htext16                                  text16       000000
__Htext17                                  text17       000000
__Htext18                                  text18       000000
__Htext19                                  text19       000000
__Htext2                                   text2        000000
__Htext20                                  text20       000000
__Htext21                                  text21       000000
__Htext22                                  text22       000000
__Htext23                                  text23       000000
__Htext24                                  text24       000000
__Htext25                                  text25       000000
__Htext26                                  text26       000000
__Htext27                                  text27       000000
__Htext28                                  text28       000000
__Htext29                                  text29       000000
__Htext3                                   text3        000000
__Htext30                                  text30       000000
__Htext31                                  text31       000000
__Htext32                                  text32       000000
__Htext33                                  text33       000000
__Htext34                                  text34       000000
__Htext35                                  text35       000000
__Htext36                                  text36       000000
__Htext37                                  text37       000000
__Htext38                                  text38       000000
__Htext39                                  text39       000000
__Htext4                                   text4        000000
__Htext40                                  text40       000000
__Htext41                                  text41       000000
__Htext42                                  text42       000000
__Htext43                                  text43       000000
__Htext44                                  text44       000000
__Htext45                                  text45       000000
__Htext46                                  text46       000000
__Htext47                                  text47       000000
__Htext48                                  text48       000000
__Htext49                                  text49       000000
__Htext5                                   text5        000000
__Htext50                                  text50       000000
__Htext51                                  text51       000000
__Htext52                                  text52       000000
__Htext53                                  text53       000000
__Htext54                                  text54       000000
__Htext55                                  text55       000000
__Htext56                                  text56       000000
__Htext57                                  text57       000000
__Htext58                                  text58       000000
__Htext59                                  text59       000000
__Htext6                                   text6        000000
__Htext60                                  text60       000000
__Htext61                                  text61       000000
__Htext62                                  text62       000000
__Htext63                                  text63       000000
__Htext64                                  text64       000000
__Htext65                                  text65       000000
__Htext66                                  text66       000000
__Htext67                                  text67       000000
__Htext68                                  text68       000000
__Htext69                                  text69       000000
__Htext7                                   text7        000000
__Htext70                                  text70       000000
__Htext71                                  text71       000000
__Htext72                                  text72       000000
__Htext73                                  text73       000000
__Htext74                                  text74       000000
__Htext75                                  text75       000000
__Htext76                                  text76       000000
__Htext77                                  text77       000000
__Htext78                                  text78       000000
__Htext79                                  text79       000000
__Htext8                                   text8        000000
__Htext80                                  text80       000000
__Htext81                                  text81       000000
__Htext82                                  text82       000000
__Htext83                                  text83       000000
__Htext84                                  text84       000000
__Htext85                                  text85       000000
__Htext86                                  text86       000000
__Htext87                                  text87       000000
__Htext88                                  text88       000000
__Htext89                                  text89       000000
__Htext9                                   text9        000000
__Htext90                                  text90       000000
__Htext91                                  text91       000000
__Htext92                                  text92       000000
__Htext93                                  text93       000000
__Htext94                                  text94       000000
__Htext95                                  text95       000000
__Htext96                                  text96       000000
__Htext97                                  text97       000000
__Htext98                                  text98       000000
__Htext99                                  text99       000000
__LRAM                                     (abs)        000001
__Labs1                                    abs1         000000
__Lbank0                                   bank0        000000
__Lbank1                                   bank1        000000
__Lbank10                                  bank10       000000
__Lbank11                                  bank11       000000
__Lbank12                                  bank12       000000
__Lbank13                                  bank13       000000
__Lbank14                                  bank14       000000
__Lbank15                                  bank15       000000
__Lbank2                                   bank2        000000
__Lbank3                                   bank3        000000
__Lbank4                                   bank4        000000
__Lbank5                                   bank5        000000
__Lbank6                                   bank6        000000
__Lbank7                                   bank7        000000
__Lbank8                                   bank8        000000
__Lbank9                                   bank9        000000
__Lbigbss                                  bigbss       000000
__Lbigdata                                 bigdata      000000
__Lbigram                                  bigram       000000
__Lbss                                     bss          000000
__LbssBANK0                                bssBANK0     000000
__LbssBANK1                                bssBANK1     000000
__LbssBANK10                               bssBANK10    000000
__LbssBANK2                                bssBANK2     000000
__LbssBANK3                                bssBANK3     000000
__LbssBANK4                                bssBANK4     000000
__LbssBANK5                                bssBANK5     000000
__LbssBANK6                                bssBANK6     000000
__LbssBANK7                                bssBANK7     000000
__LbssBANK8                                bssBANK8     000000
__LbssBANK9                                bssBANK9     000000
__LbssBIGRAM                               bssBIGRAM    000000
__LbssCOMRAM                               bssCOMRAM    000000
__Lcinit                                   cinit        000000
__Lclrtext                                 clrtext      000000
__Lcomram                                  comram       000000
__Lconfig                                  config       300000
__Lconst                                   const        000000
__LcstackBANK0                             cstackBANK0  000000
__LcstackBANK1                             cstackBANK1  000000
__LcstackBANK2                             cstackBANK2  000000
__LcstackBANK3                             cstackBANK3  000000
__LcstackCOMRAM                            cstackCOMRAM 000000
__Ldata                                    data         000000
__LdataBANK0                               dataBANK0    000000
__LdataBANK1                               dataBANK1    000000
__LdataBANK2                               dataBANK2    000000
__LdataBANK3                               dataBANK3    000000
__Leeprom_data                             eeprom_data  000000
__Lfarbss                                  farbss       000000
__Lfardata                                 fardata      000000
__Libigdata                                ibigdata     000000
__Lidata                                   idata        000000
__LidataBANK0                              idataBANK0   000000
__LidataBANK1                              idataBANK1   000000
__LidataBANK2                              idataBANK2   000000
__LidataBANK3                              idataBANK3   000000
__Lidloc                                   idloc        200000
__Lifardata                                ifardata     000000
__Linit                                    init         0000AE
__Lintsave_regs                            intsave_regs 000000
__Lirdata                                  irdata       000000
__Livt0x8                                  ivt0x8       000008
__Lmediumconst                             mediumconst  00FAD8
__LnvBANK2                                 nvBANK2      000000
__LnvFARRAM                                nvFARRAM     000000
__Lnvbit                                   nvbit        000000
__Lnvrram                                  nvrram       000000
__Lparam                                   rparam       000000
__Lpowerup                                 powerup      000000
__Lram                                     ram          000000
__Lramtop                                  ramtop       001000
__Lrbit                                    rbit         000000
__Lrbss                                    rbss         000000
__Lrdata                                   rdata        000000
__Lreset_vec                               reset_vec    000000
__Lrparam                                  rparam       000000
__Lsfr                                     sfr          000000
__Lsmallconst                              smallconst   000000
__Lspace_0                                 (abs)        000000
__Lspace_1                                 (abs)        000000
__Lspace_2                                 (abs)        000000
__Lstack                                   stack        000000
__Lstruct                                  struct       000000
__Ltemp                                    temp         000000
__Ltext                                    text         000000
__Ltext0                                   text0        000000
__Ltext1                                   text1        000000
__Ltext10                                  text10       000000
__Ltext100                                 text100      000000
__Ltext101                                 text101      000000
__Ltext102                                 text102      000000
__Ltext103                                 text103      000000
__Ltext11                                  text11       000000
__Ltext12                                  text12       000000
__Ltext13                                  text13       000000
__Ltext14                                  text14       000000
__Ltext15                                  text15       000000
__Ltext16                                  text16       000000
__Ltext17                                  text17       000000
__Ltext18                                  text18       000000
__Ltext19                                  text19       000000
__Ltext2                                   text2        000000
__Ltext20                                  text20       000000
__Ltext21                                  text21       000000
__Ltext22                                  text22       000000
__Ltext23                                  text23       000000
__Ltext24                                  text24       000000
__Ltext25                                  text25       000000
__Ltext26                                  text26       000000
__Ltext27                                  text27       000000
__Ltext28                                  text28       000000
__Ltext29                                  text29       000000
__Ltext3                                   text3        000000
__Ltext30                                  text30       000000
__Ltext31                                  text31       000000
__Ltext32                                  text32       000000
__Ltext33                                  text33       000000
__Ltext34                                  text34       000000
__Ltext35                                  text35       000000
__Ltext36                                  text36       000000
__Ltext37                                  text37       000000
__Ltext38                                  text38       000000
__Ltext39                                  text39       000000
__Ltext4                                   text4        000000
__Ltext40                                  text40       000000
__Ltext41                                  text41       000000
__Ltext42                                  text42       000000
__Ltext43                                  text43       000000
__Ltext44                                  text44       000000
__Ltext45                                  text45       000000
__Ltext46                                  text46       000000
__Ltext47                                  text47       000000
__Ltext48                                  text48       000000
__Ltext49                                  text49       000000
__Ltext5                                   text5        000000
__Ltext50                                  text50       000000
__Ltext51                                  text51       000000
__Ltext52                                  text52       000000
__Ltext53                                  text53       000000
__Ltext54                                  text54       000000
__Ltext55                                  text55       000000
__Ltext56                                  text56       000000
__Ltext57                                  text57       000000
__Ltext58                                  text58       000000
__Ltext59                                  text59       000000
__Ltext6                                   text6        000000
__Ltext60                                  text60       000000
__Ltext61                                  text61       000000
__Ltext62                                  text62       000000
__Ltext63                                  text63       000000
__Ltext64                                  text64       000000
__Ltext65                                  text65       000000
__Ltext66                                  text66       000000
__Ltext67                                  text67       000000
__Ltext68                                  text68       000000
__Ltext69                                  text69       000000
__Ltext7                                   text7        000000
__Ltext70                                  text70       000000
__Ltext71                                  text71       000000
__Ltext72                                  text72       000000
__Ltext73                                  text73       000000
__Ltext74                                  text74       000000
__Ltext75                                  text75       000000
__Ltext76                                  text76       000000
__Ltext77                                  text77       000000
__Ltext78                                  text78       000000
__Ltext79                                  text79       000000
__Ltext8                                   text8        000000
__Ltext80                                  text80       000000
__Ltext81                                  text81       000000
__Ltext82                                  text82       000000
__Ltext83                                  text83       000000
__Ltext84                                  text84       000000
__Ltext85                                  text85       000000
__Ltext86                                  text86       000000
__Ltext87                                  text87       000000
__Ltext88                                  text88       000000
__Ltext89                                  text89       000000
__Ltext9                                   text9        000000
__Ltext90                                  text90       000000
__Ltext91                                  text91       000000
__Ltext92                                  text92       000000
__Ltext93                                  text93       000000
__Ltext94                                  text94       000000
__Ltext95                                  text95       000000
__Ltext96                                  text96       000000
__Ltext97                                  text97       000000
__Ltext98                                  text98       000000
__Ltext99                                  text99       000000
__S0                                       (abs)        30000A
__S1                                       (abs)        000EEC
__S2                                       (abs)        000000
___aldiv                                   text44       006D96
___aldiv@counter                           cstackBANK1  00010D
___aldiv@dividend                          cstackBANK1  000105
___aldiv@divisor                           cstackBANK1  000109
___aldiv@quotient                          cstackBANK1  00010F
___aldiv@sign                              cstackBANK1  00010E
___altoft                                  text33       00797E
___altoft@c                                cstackBANK1  000143
___altoft@exp                              cstackBANK1  00014B
___altoft@sign                             cstackBANK1  00014C
___awdiv                                   text16       0078F4
___awdiv@counter                           cstackBANK1  00010F
___awdiv@dividend                          cstackBANK1  00010B
___awdiv@divisor                           cstackBANK1  00010D
___awdiv@quotient                          cstackBANK1  000111
___awdiv@sign                              cstackBANK1  000110
___awmod                                   text15       007D10
___awmod@counter                           cstackBANK1  000109
___awmod@dividend                          cstackBANK1  000105
___awmod@divisor                           cstackBANK1  000107
___awmod@sign                              cstackBANK1  00010A
___awtoft                                  text32       00870C
___awtoft@c                                cstackBANK1  00010D
___awtoft@sign                             cstackBANK1  000110
___ftadd                                   text31       00558A
___ftadd@exp1                              cstackBANK1  000158
___ftadd@exp2                              cstackBANK1  000157
___ftadd@f1                                cstackBANK1  00014D
___ftadd@f2                                cstackBANK1  000150
___ftadd@sign                              cstackBANK1  000156
___ftdiv                                   text27       0069DA
___ftdiv@cntr                              cstackBANK1  000153
___ftdiv@exp                               cstackBANK1  000157
___ftdiv@f1                                cstackBANK1  00014A
___ftdiv@f2                                cstackBANK1  00014D
___ftdiv@f3                                cstackBANK1  000154
___ftdiv@sign                              cstackBANK1  000158
___ftge                                    text24       00772C
___ftge@ff1                                cstackBANK1  000159
___ftge@ff2                                cstackBANK1  00015C
___ftmul                                   text30       0064B4
___ftmul@cntr                              cstackBANK1  000141
___ftmul@exp                               cstackBANK1  00013D
___ftmul@f1                                cstackBANK1  000134
___ftmul@f2                                cstackBANK1  000137
___ftmul@f3_as_product                     cstackBANK1  00013E
___ftmul@sign                              cstackBANK1  000142
___ftneg                                   text23       0089AE
___ftneg@f1                                cstackBANK1  000131
___ftpack                                  text34       0073C0
___ftpack@arg                              cstackBANK1  000105
___ftpack@exp                              cstackBANK1  000108
___ftpack@sign                             cstackBANK1  000109
___ftsub                                   text22       008432
___ftsub@f1                                cstackBANK1  000159
___ftsub@f2                                cstackBANK1  00015C
___fttol                                   text29       0066CA
___fttol@exp1                              cstackBANK1  000127
___fttol@f1                                cstackBANK1  000119
___fttol@lval                              cstackBANK1  000123
___fttol@sign1                             cstackBANK1  000122
___inthi_sp                                stack        000000
___intlo_sp                                stack        000000
___lldiv                                   text21       007868
___lldiv@counter                           cstackBANK1  000111
___lldiv@dividend                          cstackBANK1  000105
___lldiv@divisor                           cstackBANK1  000109
___lldiv@quotient                          cstackBANK1  00010D
___llmod                                   text20       007E70
___llmod@counter                           cstackBANK1  00011A
___llmod@dividend                          cstackBANK1  000112
___llmod@divisor                           cstackBANK1  000116
___lltoft                                  text19       007F4E
___lltoft@c                                cstackBANK1  000128
___lltoft@exp                              cstackBANK1  000130
___param_bank                              (abs)        000000
___rparam_used                             (abs)        000001
___sp                                      stack        000000
___wmul                                    text14       008950
___wmul@multiplicand                       cstackBANK1  000115
___wmul@multiplier                         cstackBANK1  000113
___wmul@product                            cstackBANK1  000117
__accesstop                                (abs)        000060
__activetblptr                             (abs)        000003
__div_to_l_                                text18       006140
__div_to_l_@cntr                           cstackBANK1  00010F
__div_to_l_@exp1                           cstackBANK1  000110
__div_to_l_@f1                             cstackBANK1  000105
__div_to_l_@f2                             cstackBANK1  000108
__div_to_l_@quot                           cstackBANK1  00010B
__end_of_Abre_Porta_1                      text40       006D96
__end_of_Abre_Porta_COMM                   text39       007688
__end_of_Aguarda                           text68       0064B4
__end_of_AguardaINT                        text51       0068D6
__end_of_Aguarda_dado                      text8        0080F0
__end_of_Buffer_Escrita_COMM_Add_Char      text7        008886
__end_of_Buffer_Escrita_COMM_Add_String    text5        006F3A
__end_of_Buffer_Escrita_USB_Add_Char       text37       0088BA
__end_of_Buffer_Escrita_USB_Add_String     text35       007008
__end_of_Buffer_Leitura_USB_Add_Char       text48       008AF2
__end_of_Calcula_BaudRate                  text43       0073C0
__end_of_Calcula_Fator_m                   text26       007308
__end_of_Converte_Escala                   text28       005D8A
__end_of_GETMACAddr                        text66       00808C
__end_of_InicializaWifi                    text38       0088EC
__end_of_Interrupt_USB_485                 text45       008A06
__end_of_Interrupt_WIFI_GSM                text49       008212
__end_of_Post                              text65       007DFC
__end_of_Post2                             text63       008852
__end_of_Recebe                            text47       008AEA
__end_of_Recebe_COMM                       text50       008AF0
__end_of_SETMACAddr                        text53       00772C
__end_of_SOCKET_RX                         text54       007C1A
__end_of_TASK_POST                         text52       008816
__end_of_TransmiteBuffer_COMM              text6        0082CA
__end_of_TransmiteBuffer_USB               text36       008326
__end_of_Verifica_Analogica                text9        005C30
__end_of_WIND                              text55       0081B2
__end_of___aldiv                           text44       006E6C
__end_of___altoft                          text33       007A08
__end_of___awdiv                           text16       00797E
__end_of___awmod                           text15       007D86
__end_of___awtoft                          text32       008752
__end_of___ftadd                           text31       00575C
__end_of___ftdiv                           text27       006AD8
__end_of___ftge                            text24       0077CA
[...]
		wreg, status,2, status,0
 Tracked objects:
		On entry : 
		On exit  : 
		Unchanged: 
 Data sizes:     COMRAM   BANK0   BANK1   BANK2   BANK3   BANK4   BANK5   BANK6   BANK7   BANK8   BANK9  BANK10  BANK11  BANK12  BANK13  BANK14  BANK15
      Params:         4       0       0       0       0       0       0       0       0       0       0       0       0       0       0       0       0
      Locals:         6       0       0       0       0       0       0       0       0       0       0       0       0       0       0       0       0
      Temps:          5       0       0       0       0       0       0       0       0       0       0       0       0       0       0       0       0
      Totals:        15       0       0       0       0       0       0       0       0       0       0       0       0       0       0       0       0
Total ram usage:       15 bytes
 Hardware stack levels used:    1
 This function calls:
		Nothing
 This function is called by:
		i1_sprintf
 This function uses a non-reentrant model


 *************** function i1___ftsub *****************
 Defined at:
		line 20 in file "C:\Program Files (x86)\Microchip\xc8\v1.45\sources\common\ftsub.c"
 Parameters:    Size  Location     Type
  f1              3    0[BANK0 ] float 
  f2              3    3[BANK0 ] float 
 Auto vars:     Size  Location     Type
		None
 Return value:  Size  Location     Type
                  3    0[BANK0 ] float 
 Registers used:
		wreg, status,2, status,0, cstack
 Tracked objects:
		On entry : 
		On exit  : 
		Unchanged: 
 Data sizes:     COMRAM   BANK0   BANK1   BANK2   BANK3   BANK4   BANK5   BANK6   BANK7   BANK8   BANK9  BANK10  BANK11  BANK12  BANK13  BANK14  BANK15
      Params:         0       6       0       0       0       0       0       0       0       0       0       0       0       0       0       0       0
      Locals:         0       0       0       0       0       0       0       0       0       0       0       0       0       0       0       0       0
      Temps:          0       0       0       0       0       0       0       0       0       0       0       0       0       0       0       0       0
      Totals:         0       6       0       0       0       0       0       0       0       0       0       0       0       0       0       0       0
Total ram usage:        6 bytes
 Hardware stack levels used:    1
 Hardware stack levels required when called:    2
 This function calls:
		i1___ftadd
 This function is called by:
		i1_sprintf
 This function uses a non-reentrant model


 *************** function i1___ftadd *****************
 Defined at:
		line 86 in file "C:\Program Files (x86)\Microchip\xc8\v1.45\sources\common\ftadd.c"
 Parameters:    Size  Location     Type
  f1              3   75[COMRAM] float 
  f2              3   78[COMRAM] float 
 Auto vars:     Size  Location     Type
  __ftadd         1   86[COMRAM] unsigned char 
  __ftadd         1   85[COMRAM] unsigned char 
  __ftadd         1   84[COMRAM] unsigned char 
 Return value:  Size  Location     Type
                  3   75[COMRAM] float 
 Registers used:
		wreg, status,2, status,0, cstack
 Tracked objects:
		On entry : 
		On exit  : 
		Unchanged: 
 Data sizes:     COMRAM   BANK0   BANK1   BANK2   BANK3   BANK4   BANK5   BANK6   BANK7   BANK8   BANK9  BANK10  BANK11  BANK12  BANK13  BANK14  BANK15
      Params:         6       0       0       0       0       0       0       0       0       0       0       0       0       0       0       0       0
      Locals:         3       0       0       0       0       0       0       0       0       0       0       0       0       0       0       0       0
      Temps:          3       0       0       0       0       0       0       0       0       0       0       0       0       0       0       0       0
      Totals:        12       0       0       0       0       0       0       0       0       0       0       0       0       0       0       0       0
Total ram usage:       12 bytes
 Hardware stack levels used:    1
 Hardware stack levels required when called:    1
 This function calls:
		i1___ftpack
 This function is called by:
		i1_sprintf
		i1___ftsub
 This function uses a non-reentrant model


 *************** function i1___ftneg *****************
 Defined at:
		line 15 in file "C:\Program Files (x86)\Microchip\xc8\v1.45\sources\common\ftneg.c"
 Parameters:    Size  Location     Type
  f1              3   47[COMRAM] float 
 Auto vars:     Size  Location     Type
		None
 Return value:  Size  Location     Type
                  3   47[COMRAM] float 
 Registers used:
		wreg, status,2, status,0
 Tracked objects:
		On entry : 
		On exit  : 
		Unchanged: 
 Data sizes:     COMRAM   BANK0   BANK1   BANK2   BANK3   BANK4   BANK5   BANK6   BANK7   BANK8   BANK9  BANK10  BANK11  BANK12  BANK13  BANK14  BANK15
      Params:         3       0       0       0       0       0       0       0       0       0       0       0       0       0       0       0       0
      Locals:         0       0       0       0       0       0       0       0       0       0       0       0       0       0       0       0       0
      Temps:          0       0       0       0       0       0       0       0       0       0       0       0       0       0       0       0       0
      Totals:         3       0       0       0       0       0       0       0       0       0       0       0       0       0       0       0       0
Total ram usage:        3 bytes
 Hardware stack levels used:    1
 This function calls:
		Nothing
 This function is called by:
		i1_sprintf
 This function uses a non-reentrant model


 *************** function i1___ftge *****************
 Defined at:
		line 4 in file "C:\Program Files (x86)\Microchip\xc8\v1.45\sources\common\ftge.c"
 Parameters:    Size  Location     Type
  ff1             3    0[BANK0 ] float 
  ff2             3    3[BANK0 ] float 
 Auto vars:     Size  Location     Type
		None
 Return value:  Size  Location     Type
		None               void
 Registers used:
		wreg, status,2, status,0
 Tracked objects:
		On entry : 
		On exit  : 
		Unchanged: 
 Data sizes:     COMRAM   BANK0   BANK1   BANK2   BANK3   BANK4   BANK5   BANK6   BANK7   BANK8   BANK9  BANK10  BANK11  BANK12  BANK13  BANK14  BANK15
      Params:         0       6       0       0       0       0       0       0       0       0       0       0       0       0       0       0       0
      Locals:         0       0       0       0       0       0       0       0       0       0       0       0       0       0       0       0       0
      Temps:          0       3       0       0       0       0       0       0       0       0       0       0       0       0       0       0       0
      Totals:         0       9       0       0       0       0       0       0       0       0       0       0       0       0       0       0       0
Total ram usage:        9 bytes
 Hardware stack levels used:    1
 This function calls:
		Nothing
 This function is called by:
		i1_sprintf
 This function uses a non-reentrant model


 *************** function i1___ftdiv *****************
 Defined at:
		line 54 in file "C:\Program Files (x86)\Microchip\xc8\v1.45\sources\common\ftdiv.c"
 Parameters:    Size  Location     Type
  f1              3   72[COMRAM] float 
  f2              3   75[COMRAM] float 
 Auto vars:     Size  Location     Type
  __ftdiv         3   82[COMRAM] float 
  __ftdiv         1   86[COMRAM] unsigned char 
  __ftdiv         1   85[COMRAM] unsigned char 
  __ftdiv         1   81[COMRAM] unsigned char 
 Return value:  Size  Location     Type
                  3   72[COMRAM] float 
 Registers used:
		wreg, status,2, status,0, cstack
 Tracked objects:
		On entry : 
		On exit  : 
		Unchanged: 
 Data sizes:     COMRAM   BANK0   BANK1   BANK2   BANK3   BANK4   BANK5   BANK6   BANK7   BANK8   BANK9  BANK10  BANK11  BANK12  BANK13  BANK14  BANK15
      Params:         6       0       0       0       0       0       0       0       0       0       0       0       0       0       0       0       0
      Locals:         6       0       0       0       0       0       0       0       0       0       0       0       0       0       0       0       0
      Temps:          3       0       0       0       0       0       0       0       0       0       0       0       0       0       0       0       0
      Totals:        15       0       0       0       0       0       0       0       0       0       0       0       0       0       0       0       0
Total ram usage:       15 bytes
 Hardware stack levels used:    1
 Hardware stack levels required when called:    1
 This function calls:
		i1___ftpack
 This function is called by:
		i1_sprintf
 This function uses a non-reentrant model


 *************** function i1___ftpack *****************
 Defined at:
		line 62 in file "C:\Program Files (x86)\Microchip\xc8\v1.45\sources\common\float.c"
 Parameters:    Size  Location     Type
  arg             3    3[COMRAM] unsigned um
  exp             1    6[COMRAM] unsigned char 
  sign            1    7[COMRAM] unsigned char 
 Auto vars:     Size  Location     Type
		None
 Return value:  Size  Location     Type
                  3    3[COMRAM] float 
 Registers used:
		wreg, status,2, status,0
 Tracked objects:
		On entry : 
		On exit  : 
		Unchanged: 
 Data sizes:     COMRAM   BANK0   BANK1   BANK2   BANK3   BANK4   BANK5   BANK6   BANK7   BANK8   BANK9  BANK10  BANK11  BANK12  BANK13  BANK14  BANK15
      Params:         5       0       0       0       0       0       0       0       0       0       0       0       0       0       0       0       0
      Locals:         0       0       0       0       0       0       0       0       0       0       0       0       0       0       0       0       0
      Temps:          3       0       0       0       0       0       0       0       0       0       0       0       0       0       0       0       0
      Totals:         8       0       0       0       0       0       0       0       0       0       0       0       0       0       0       0       0
Total ram usage:        8 bytes
 Hardware stack levels used:    1
 This function calls:
		Nothing
 This function is called by:
		i1___ftadd
		i1___ftdiv
		i1___ftmul
		i1___lltoft
 This function uses a non-reentrant model



MODULE INFORMATION

Module		Function		Class		Link	Load	Size
I:/Projetos_Servidor/MIB_Iot_100/MIB_IOT_SW/MIB_IOT.X/Serial.c
		_TransmiteBuffer_COMM		CODE           	826E	0000	93
		_Recebe_COMM   		CODE           	8AEA	0000	7
		_Aguarda       		CODE           	63A2	0000	275
		_Abre_Porta_COMM		CODE           	75DA	0000	175
		_AguardaINT    		CODE           	67D2	0000	261
		_limpa_Buffer_Escrita_USB		CODE           	8752	0000	69
		_Calcula_BaudRate		CODE           	7308	0000	185
		_TransmiteBuffer_USB		CODE           	82CA	0000	93
		_limpa_Buffer_Escrita_COMM		CODE           	8796	0000	69
		_verificaERRO  		CODE           	8580	0000	83
		_verificaFimFrame		CODE           	852E	0000	83
		_Buffer_Escrita_USB_Add_Char		CODE           	8886	0000	53
		_Buffer_Leitura_USB_Add_Char		CODE           	8AF0	0000	3
		_Buffer_Escrita_USB_Add_String		CODE           	6F3A	0000	207
		_Recebe        		CODE           	8AE4	0000	7
		_Buffer_Escrita_COMM_Add_Char		CODE           	8852	0000	53
		_Abre_Porta_1  		CODE           	6CBC	0000	219
		_Buffer_Escrita_COMM_Add_String		CODE           	6E6C	0000	207

I:/Projetos_Servidor/MIB_Iot_100/MIB_IOT_SW/MIB_IOT.X/Serial.c estimated size: 2142

C:\Program Files (x86)\Microchip\xc8\v1.45\sources\common\ftneg.c
		___ftneg       		CODE           	89AE	0000	45

C:\Program Files (x86)\Microchip\xc8\v1.45\sources\common\ftneg.c estimated size: 45

I:/Projetos_Servidor/MIB_Iot_100/MIB_IOT_SW/MIB_IOT.X/PPS.c
		_unLock_PPS    		CODE           	8A74	0000	25
		_lock_PPS      		CODE           	8A8C	0000	25

I:/Projetos_Servidor/MIB_Iot_100/MIB_IOT_SW/MIB_IOT.X/PPS.c estimated size: 50

C:\Program Files (x86)\Microchip\xc8\v1.45\sources\common\ftsub.c
		___ftsub       		CODE           	8432	0000	85

C:\Program Files (x86)\Microchip\xc8\v1.45\sources\common\ftsub.c estimated size: 85

C:\Program Files (x86)\Microchip\xc8\v1.45\sources\common\float.c
		___ftpack      		CODE           	73C0	0000	183

C:\Program Files (x86)\Microchip\xc8\v1.45\sources\common\float.c estimated size: 183

C:\Program Files (x86)\Microchip\xc8\v1.45\sources\common\doprnt.c
		_scale         		CODE           	3A16	0000	1297
		_sprintf       		CODE           	00B2	0000	7353
		_fround        		CODE           	47BC	0000	773

C:\Program Files (x86)\Microchip\xc8\v1.45\sources\common\doprnt.c estimated size: 9423

C:\Program Files (x86)\Microchip\xc8\v1.45\sources\common\lltoft.c
		___lltoft      		CODE           	7F4E	0000	109

C:\Program Files (x86)\Microchip\xc8\v1.45\sources\common\lltoft.c estimated size: 109

C:\Program Files (x86)\Microchip\xc8\v1.45\sources\common\Umul16.c
		___wmul        		CODE           	8950	0000	49

C:\Program Files (x86)\Microchip\xc8\v1.45\sources\common\Umul16.c estimated size: 49

I:/Projetos_Servidor/MIB_Iot_100/MIB_IOT_SW/MIB_IOT.X/Main.c
		_main          		CODE           	4406	0000	951
		_Interrupt_USB_485		CODE           	89DC	0000	43
		_Interrupt_WIFI_GSM		CODE           	81B4	0000	95

I:/Projetos_Servidor/MIB_Iot_100/MIB_IOT_SW/MIB_IOT.X/Main.c estimated size: 1089

C:\Program Files (x86)\Microchip\xc8\v1.45\sources\common\ftge.c
		___ftge        		CODE           	772C	0000	159

C:\Program Files (x86)\Microchip\xc8\v1.45\sources\common\ftge.c estimated size: 159

C:\Program Files (x86)\Microchip\xc8\v1.45\sources\common\isdigit.c
		_isdigit       		CODE           	8A30	0000	37

C:\Program Files (x86)\Microchip\xc8\v1.45\sources\common\isdigit.c estimated size: 37

C:\Program Files (x86)\Microchip\xc8\v1.45\sources\common\ftdivl.c
		__tdiv_to_l_   		CODE           	5D8A	0000	321

C:\Program Files (x86)\Microchip\xc8\v1.45\sources\common\ftdivl.c estimated size: 321

C:\Program Files (x86)\Microchip\xc8\v1.45\sources\common\ftmul.c
		___ftmul       		CODE           	64B4	0000	269

C:\Program Files (x86)\Microchip\xc8\v1.45\sources\common\ftmul.c estimated size: 269

C:\Program Files (x86)\Microchip\xc8\v1.45\sources\common\awmod.c
		___awmod       		CODE           	7D10	0000	119

C:\Program Files (x86)\Microchip\xc8\v1.45\sources\common\awmod.c estimated size: 119

C:\Program Files (x86)\Microchip\xc8\v1.45\sources\common\ftdiv.c
		___ftdiv       		CODE           	69DA	0000	255

C:\Program Files (x86)\Microchip\xc8\v1.45\sources\common\ftdiv.c estimated size: 255

C:\Program Files (x86)\Microchip\xc8\v1.45\sources\common\llmod.c
		___llmod       		CODE           	7E70	0000	113

C:\Program Files (x86)\Microchip\xc8\v1.45\sources\common\llmod.c estimated size: 113

I:/Projetos_Servidor/MIB_Iot_100/MIB_IOT_SW/MIB_IOT.X/GERREX.c
		_recebeNETWORKID		CODE           	6BD4	0000	233
		_SOCKET_RX     		CODE           	7B9A	0000	129
		_recebeSIZE    		CODE           	8486	0000	85
		_Aguarda_dado  		CODE           	808C	0000	101
		_recebeFUNCTIONCODE		CODE           	8670	0000	79
		_recebeFRAMES  		CODE           	592C	0000	389
		_recebeFRAMEID 		CODE           	7C96	0000	123
		_GETMACAddr    		CODE           	8024	0000	105
		_TASK_POST     		CODE           	87DA	0000	61
		_SETMACAddr    		CODE           	7688	0000	165
		_recebeNODEID  		CODE           	86BE	0000	79
		_WIND          		CODE           	8152	0000	97
		_recebeADDRESS 		CODE           	8622	0000	79
		_nada          		CODE           	8AF2	0000	3

I:/Projetos_Servidor/MIB_Iot_100/MIB_IOT_SW/MIB_IOT.X/GERREX.c estimated size: 1728

C:\Program Files (x86)\Microchip\xc8\v1.45\sources\common\fldivl.c
		__div_to_l_    		CODE           	6140	0000	307

C:\Program Files (x86)\Microchip\xc8\v1.45\sources\common\fldivl.c estimated size: 307

shared
		i1___ftneg     		CODE           	8A06	0000	43
		i1_Buffer_Escrita_COMM_Add_String		CODE           	70CC	0000	197
		i1___ftadd     		CODE           	575C	0000	465
		i1_inicia_Post 		CODE           	7C1A	0000	125
		i1_length      		CODE           	83DA	0000	89
		i1___ftdiv     		CODE           	6AD8	0000	253
		i1___fttol     		CODE           	68D6	0000	261
		__powers_      		MEDIUMCONST    	FB01	0000	40
		i1_Buffer_Escrita_COMM_Add_Char		CODE           	88EC	0000	51
		i1_TransmiteBuffer_USB		CODE           	8326	0000	91
		i1___ftge      		CODE           	77CA	0000	159
		_dpowers       		MEDIUMCONST    	FAD9	0000	41
		i1_isdigit     		CODE           	8A54	0000	33
		i1___awdiv     		CODE           	7A92	0000	137
		i1__tdiv_to_l_ 		CODE           	5ECA	0000	319
		i1___ftmul     		CODE           	65C0	0000	267
		i1_append_Arquivo_Json		CODE           	530A	0000	641
		i1___wmul      		CODE           	8980	0000	47
		i1__div_to_l_  		CODE           	6272	0000	305
		i1___ftpack    		CODE           	7476	0000	181
		__npowers_     		MEDIUMCONST    	FB28	0000	40
		i1_scale       		CODE           	3F26	0000	1249
		i1___lldiv     		CODE           	7A08	0000	139
		i1___lltoft    		CODE           	7FBA	0000	107
		__initialization		CODE           	6008	0000	307
		i1_TransmiteBuffer_COMM		CODE           	8380	0000	91
		i1___ftsub     		CODE           	84DA	0000	85
		i1_Aguarda_dado		CODE           	80F0	0000	99
		i1_Buffer_Escrita_USB_Add_Char		CODE           	891E	0000	51
		i1___awmod     		CODE           	7DFC	0000	117
		i1___llmod     		CODE           	7EE0	0000	111
		_hexpowers     		MEDIUMCONST    	FB4F	0000	33
		i1_sprintf     		CODE           	1D6A	0000	7341
		i1_cria_Arquivo		CODE           	752A	0000	177
		i1_fround      		CODE           	4AC0	0000	743
		i1_Buffer_Escrita_USB_Add_String		CODE           	7008	0000	197

shared estimated size: 14632

C:\Program Files (x86)\Microchip\xc8\v1.45\sources\common\fttol.c
		___fttol       		CODE           	66CA	0000	265

C:\Program Files (x86)\Microchip\xc8\v1.45\sources\common\fttol.c estimated size: 265

C:\Program Files (x86)\Microchip\xc8\v1.45\sources\common\awtoft.c
		___awtoft      		CODE           	870C	0000	71

C:\Program Files (x86)\Microchip\xc8\v1.45\sources\common\awtoft.c estimated size: 71

C:\Program Files (x86)\Microchip\xc8\v1.45\sources\common\awdiv.c
		___awdiv       		CODE           	78F4	0000	139

C:\Program Files (x86)\Microchip\xc8\v1.45\sources\common\awdiv.c estimated size: 139

I:/Projetos_Servidor/MIB_Iot_100/MIB_IOT_SW/MIB_IOT.X/Conversor_Escalas.c
		_ajusta_escala 		CODE           	4DA6	0000	739
		_Verifica_Analogica		CODE           	5AB0	0000	385
		_Calcula_Fator_m		CODE           	724C	0000	189
		_Converte_Escala		CODE           	5C30	0000	347

I:/Projetos_Servidor/MIB_Iot_100/MIB_IOT_SW/MIB_IOT.X/Conversor_Escalas.c estimated size: 1660

C:\Program Files (x86)\Microchip\xc8\v1.45\sources\common\ftadd.c
		___ftadd       		CODE           	558A	0000	467

C:\Program Files (x86)\Microchip\xc8\v1.45\sources\common\ftadd.c estimated size: 467

C:\Program Files (x86)\Microchip\xc8\v1.45\sources\common\lldiv.c
		___lldiv       		CODE           	7868	0000	141

C:\Program Files (x86)\Microchip\xc8\v1.45\sources\common\lldiv.c estimated size: 141

C:\Program Files (x86)\Microchip\xc8\v1.45\sources\common\aldiv.c
		___aldiv       		CODE           	6D96	0000	215

C:\Program Files (x86)\Microchip\xc8\v1.45\sources\common\aldiv.c estimated size: 215

C:\Program Files (x86)\Microchip\xc8\v1.45\sources\common\altoft.c
		___altoft      		CODE           	797E	0000	139

C:\Program Files (x86)\Microchip\xc8\v1.45\sources\common\altoft.c estimated size: 139

I:/Projetos_Servidor/MIB_Iot_100/MIB_IOT_SW/MIB_IOT.X/Wifi.c
		_recebe        		CODE           	85D2	0000	81
		_Post          		CODE           	7D86	0000	119
		_InicializaWifi		CODE           	88BA	0000	51
		_inicia_Post   		CODE           	7B1A	0000	129
		_cria_Arquivo  		CODE           	7190	0000	189
		_length        		CODE           	8212	0000	93
		_Post2         		CODE           	8816	0000	61
		_append_Arquivo_Json		CODE           	5088	0000	643

I:/Projetos_Servidor/MIB_Iot_100/MIB_IOT_SW/MIB_IOT.X/Wifi.c estimated size: 1366

